../Drivers/STM32H5xx_HAL_Driver/Inc/stm32h5xx_ll_adc.h:5652:22:LL_ADC_SetChannelSamplingTime	12	static
../Drivers/STM32H5xx_HAL_Driver/Inc/stm32h5xx_ll_adc.h:5989:22:LL_ADC_SetAnalogWDMonitChannels	12	static
../Drivers/STM32H5xx_HAL_Driver/Inc/stm32h5xx_ll_adc.h:7022:26:LL_ADC_IsEnabled	0	static
../Drivers/STM32H5xx_HAL_Driver/Inc/stm32h5xx_ll_adc.h:7144:26:LL_ADC_REG_IsConversionOngoing	0	static
../Drivers/STM32H5xx_HAL_Driver/Src/stm32h5xx_hal_adc.c:903:13:HAL_ADC_MspInit	0	static
../Drivers/STM32H5xx_HAL_Driver/Src/stm32h5xx_hal_adc.c:393:19:HAL_ADC_Init	24	static
../Drivers/STM32H5xx_HAL_Driver/Src/stm32h5xx_hal_adc.c:920:13:HAL_ADC_MspDeInit	0	static
../Drivers/STM32H5xx_HAL_Driver/Src/stm32h5xx_hal_adc.c:1399:19:HAL_ADC_PollForConversion	24	static
../Drivers/STM32H5xx_HAL_Driver/Src/stm32h5xx_hal_adc.c:1585:19:HAL_ADC_PollForEvent	24	static
../Drivers/STM32H5xx_HAL_Driver/Src/stm32h5xx_hal_adc.c:2282:10:HAL_ADC_GetValue	0	static
../Drivers/STM32H5xx_HAL_Driver/Src/stm32h5xx_hal_adc.c:2303:19:HAL_ADC_StartSampling	0	static
../Drivers/STM32H5xx_HAL_Driver/Src/stm32h5xx_hal_adc.c:2325:19:HAL_ADC_StopSampling	0	static
../Drivers/STM32H5xx_HAL_Driver/Src/stm32h5xx_hal_adc.c:2714:13:HAL_ADC_ConvCpltCallback	0	static
../Drivers/STM32H5xx_HAL_Driver/Src/stm32h5xx_hal_adc.c:2729:13:HAL_ADC_ConvHalfCpltCallback	0	static
../Drivers/STM32H5xx_HAL_Driver/Src/stm32h5xx_hal_adc.c:3746:6:ADC_DMAHalfConvCplt	8	static
../Drivers/STM32H5xx_HAL_Driver/Src/stm32h5xx_hal_adc.c:2744:13:HAL_ADC_LevelOutOfWindowCallback	0	static
../Drivers/STM32H5xx_HAL_Driver/Src/stm32h5xx_hal_adc.c:2766:13:HAL_ADC_ErrorCallback	0	static
../Drivers/STM32H5xx_HAL_Driver/Src/stm32h5xx_hal_adc.c:2342:6:HAL_ADC_IRQHandler	24	static
../Drivers/STM32H5xx_HAL_Driver/Src/stm32h5xx_hal_adc.c:3668:6:ADC_DMAConvCplt	8	static
../Drivers/STM32H5xx_HAL_Driver/Src/stm32h5xx_hal_adc.c:3764:6:ADC_DMAError	8	static
../Drivers/STM32H5xx_HAL_Driver/Src/stm32h5xx_hal_adc.c:2812:19:HAL_ADC_ConfigChannel	32	static,ignoring_inline_asm
../Drivers/STM32H5xx_HAL_Driver/Src/stm32h5xx_hal_adc.c:3076:19:HAL_ADC_AnalogWDGConfig	16	static,ignoring_inline_asm
../Drivers/STM32H5xx_HAL_Driver/Src/stm32h5xx_hal_adc.c:3337:10:HAL_ADC_GetState	0	static
../Drivers/STM32H5xx_HAL_Driver/Src/stm32h5xx_hal_adc.c:3351:10:HAL_ADC_GetError	0	static
../Drivers/STM32H5xx_HAL_Driver/Src/stm32h5xx_hal_adc.c:3381:19:ADC_ConversionStop	16	static
../Drivers/STM32H5xx_HAL_Driver/Src/stm32h5xx_hal_adc.c:3513:19:ADC_Enable	24	static
../Drivers/STM32H5xx_HAL_Driver/Src/stm32h5xx_hal_adc.c:1210:19:HAL_ADC_Start	16	static
../Drivers/STM32H5xx_HAL_Driver/Src/stm32h5xx_hal_adc.c:1734:19:HAL_ADC_Start_IT	16	static
../Drivers/STM32H5xx_HAL_Driver/Src/stm32h5xx_hal_adc.c:1994:19:HAL_ADC_Start_DMA	136	static
../Drivers/STM32H5xx_HAL_Driver/Src/stm32h5xx_hal_adc.c:3606:19:ADC_Disable	16	static
../Drivers/STM32H5xx_HAL_Driver/Src/stm32h5xx_hal_adc.c:704:19:HAL_ADC_DeInit	16	static
../Drivers/STM32H5xx_HAL_Driver/Src/stm32h5xx_hal_adc.c:1345:19:HAL_ADC_Stop	8	static
../Drivers/STM32H5xx_HAL_Driver/Src/stm32h5xx_hal_adc.c:1941:19:HAL_ADC_Stop_IT	8	static
../Drivers/STM32H5xx_HAL_Driver/Src/stm32h5xx_hal_adc.c:2197:19:HAL_ADC_Stop_DMA	16	static
