../Drivers/STM32H5xx_HAL_Driver/Src/stm32h5xx_hal_pwr_ex.c:109:19:HAL_PWREx_ConfigSupply	16	static
../Drivers/STM32H5xx_HAL_Driver/Src/stm32h5xx_hal_pwr_ex.c:141:10:HAL_PWREx_GetSupplyConfig	0	static
../Drivers/STM32H5xx_HAL_Driver/Src/stm32h5xx_hal_pwr_ex.c:162:19:HAL_PWREx_ControlVoltageScaling	16	static
../Drivers/STM32H5xx_HAL_Driver/Src/stm32h5xx_hal_pwr_ex.c:196:10:HAL_PWREx_GetVoltageRange	0	static
../Drivers/STM32H5xx_HAL_Driver/Src/stm32h5xx_hal_pwr_ex.c:222:19:HAL_PWREx_ControlStopModeVoltageScaling	0	static
../Drivers/STM32H5xx_HAL_Driver/Src/stm32h5xx_hal_pwr_ex.c:237:10:HAL_PWREx_GetStopModeVoltageRange	0	static
../Drivers/STM32H5xx_HAL_Driver/Src/stm32h5xx_hal_pwr_ex.c:268:6:HAL_PWREx_ConfigAVD	0	static
../Drivers/STM32H5xx_HAL_Driver/Src/stm32h5xx_hal_pwr_ex.c:312:6:HAL_PWREx_EnableAVD	0	static
../Drivers/STM32H5xx_HAL_Driver/Src/stm32h5xx_hal_pwr_ex.c:322:6:HAL_PWREx_DisableAVD	0	static
../Drivers/STM32H5xx_HAL_Driver/Src/stm32h5xx_hal_pwr_ex.c:333:6:HAL_PWREx_EnableUSBVoltageDetector	0	static
../Drivers/STM32H5xx_HAL_Driver/Src/stm32h5xx_hal_pwr_ex.c:343:6:HAL_PWREx_DisableUSBVoltageDetector	0	static
../Drivers/STM32H5xx_HAL_Driver/Src/stm32h5xx_hal_pwr_ex.c:355:6:HAL_PWREx_EnableVddUSB	0	static
../Drivers/STM32H5xx_HAL_Driver/Src/stm32h5xx_hal_pwr_ex.c:364:6:HAL_PWREx_DisableVddUSB	0	static
../Drivers/STM32H5xx_HAL_Driver/Src/stm32h5xx_hal_pwr_ex.c:396:6:HAL_PWREx_EnableMonitoring	0	static
../Drivers/STM32H5xx_HAL_Driver/Src/stm32h5xx_hal_pwr_ex.c:405:6:HAL_PWREx_DisableMonitoring	0	static
../Drivers/STM32H5xx_HAL_Driver/Src/stm32h5xx_hal_pwr_ex.c:415:6:HAL_PWREx_EnableUCPDStandbyMode	0	static
../Drivers/STM32H5xx_HAL_Driver/Src/stm32h5xx_hal_pwr_ex.c:426:6:HAL_PWREx_DisableUCPDStandbyMode	0	static
../Drivers/STM32H5xx_HAL_Driver/Src/stm32h5xx_hal_pwr_ex.c:442:6:HAL_PWREx_EnableUCPDDeadBattery	0	static
../Drivers/STM32H5xx_HAL_Driver/Src/stm32h5xx_hal_pwr_ex.c:456:6:HAL_PWREx_DisableUCPDDeadBattery	0	static
../Drivers/STM32H5xx_HAL_Driver/Src/stm32h5xx_hal_pwr_ex.c:472:6:HAL_PWREx_EnableBatteryCharging	0	static
../Drivers/STM32H5xx_HAL_Driver/Src/stm32h5xx_hal_pwr_ex.c:488:6:HAL_PWREx_DisableBatteryCharging	0	static
../Drivers/STM32H5xx_HAL_Driver/Src/stm32h5xx_hal_pwr_ex.c:500:6:HAL_PWREx_EnableAnalogBooster	0	static
../Drivers/STM32H5xx_HAL_Driver/Src/stm32h5xx_hal_pwr_ex.c:513:6:HAL_PWREx_DisableAnalogBooster	0	static
../Drivers/STM32H5xx_HAL_Driver/Src/stm32h5xx_hal_pwr_ex.c:555:13:HAL_PWREx_PVD_AVD_Rising_Callback	0	static
../Drivers/STM32H5xx_HAL_Driver/Src/stm32h5xx_hal_pwr_ex.c:566:13:HAL_PWREx_PVD_AVD_Falling_Callback	0	static
../Drivers/STM32H5xx_HAL_Driver/Src/stm32h5xx_hal_pwr_ex.c:528:6:HAL_PWREx_PVD_AVD_IRQHandler	8	static
../Drivers/STM32H5xx_HAL_Driver/Src/stm32h5xx_hal_pwr_ex.c:595:6:HAL_PWREx_EnableWakeUpPin	12	static,ignoring_inline_asm
../Drivers/STM32H5xx_HAL_Driver/Src/stm32h5xx_hal_pwr_ex.c:636:6:HAL_PWREx_DisableWakeUpPin	0	static
../Drivers/STM32H5xx_HAL_Driver/Src/stm32h5xx_hal_pwr_ex.c:669:6:HAL_PWREx_EnableFlashPowerDown	0	static
../Drivers/STM32H5xx_HAL_Driver/Src/stm32h5xx_hal_pwr_ex.c:683:6:HAL_PWREx_DisableFlashPowerDown	0	static
../Drivers/STM32H5xx_HAL_Driver/Src/stm32h5xx_hal_pwr_ex.c:740:6:HAL_PWREx_EnableMemoryShutOff	0	static
../Drivers/STM32H5xx_HAL_Driver/Src/stm32h5xx_hal_pwr_ex.c:796:6:HAL_PWREx_DisableMemoryShutOff	0	static
../Drivers/STM32H5xx_HAL_Driver/Src/stm32h5xx_hal_pwr_ex.c:812:19:HAL_PWREx_EnableBkupRAMRetention	0	static
../Drivers/STM32H5xx_HAL_Driver/Src/stm32h5xx_hal_pwr_ex.c:826:6:HAL_PWREx_DisableBkupRAMRetention	0	static
../Drivers/STM32H5xx_HAL_Driver/Src/stm32h5xx_hal_pwr_ex.c:861:6:HAL_PWREx_EnableStandbyIORetention	0	static
../Drivers/STM32H5xx_HAL_Driver/Src/stm32h5xx_hal_pwr_ex.c:871:6:HAL_PWREx_DisableStandbyIORetention	0	static
../Drivers/STM32H5xx_HAL_Driver/Src/stm32h5xx_hal_pwr_ex.c:883:6:HAL_PWREx_EnableStandbyJTAGIORetention	0	static
../Drivers/STM32H5xx_HAL_Driver/Src/stm32h5xx_hal_pwr_ex.c:893:6:HAL_PWREx_DisableStandbyJTAGIORetention	0	static
