../Drivers/STM32H5xx_HAL_Driver/Inc/stm32h5xx_ll_adc.h:5652:22:LL_ADC_SetChannelSamplingTime	12	static
../Drivers/STM32H5xx_HAL_Driver/Inc/stm32h5xx_ll_adc.h:7022:26:LL_ADC_IsEnabled	0	static
../Drivers/STM32H5xx_HAL_Driver/Inc/stm32h5xx_ll_adc.h:7144:26:LL_ADC_REG_IsConversionOngoing	0	static
../Drivers/STM32H5xx_HAL_Driver/Inc/stm32h5xx_ll_adc.h:7370:26:LL_ADC_INJ_IsConversionOngoing	0	static
../Drivers/STM32H5xx_HAL_Driver/Src/stm32h5xx_hal_adc_ex.c:121:19:HAL_ADCEx_Calibration_Start	24	static
../Drivers/STM32H5xx_HAL_Driver/Src/stm32h5xx_hal_adc_ex.c:195:10:HAL_ADCEx_Calibration_GetValue	0	static
../Drivers/STM32H5xx_HAL_Driver/Src/stm32h5xx_hal_adc_ex.c:215:19:HAL_ADCEx_Calibration_SetValue	24	static
../Drivers/STM32H5xx_HAL_Driver/Src/stm32h5xx_hal_adc_ex.c:272:19:HAL_ADCEx_InjectedStart	16	static
../Drivers/STM32H5xx_HAL_Driver/Src/stm32h5xx_hal_adc_ex.c:421:19:HAL_ADCEx_InjectedStop	8	static
../Drivers/STM32H5xx_HAL_Driver/Src/stm32h5xx_hal_adc_ex.c:476:19:HAL_ADCEx_InjectedPollForConversion	24	static
../Drivers/STM32H5xx_HAL_Driver/Src/stm32h5xx_hal_adc_ex.c:617:19:HAL_ADCEx_InjectedStart_IT	16	static
../Drivers/STM32H5xx_HAL_Driver/Src/stm32h5xx_hal_adc_ex.c:790:19:HAL_ADCEx_InjectedStop_IT	8	static
../Drivers/STM32H5xx_HAL_Driver/Src/stm32h5xx_hal_adc_ex.c:857:19:HAL_ADCEx_MultiModeStart_DMA	232	static
../Drivers/STM32H5xx_HAL_Driver/Src/stm32h5xx_hal_adc_ex.c:1041:19:HAL_ADCEx_MultiModeStop_DMA	120	static
../Drivers/STM32H5xx_HAL_Driver/Src/stm32h5xx_hal_adc_ex.c:1164:10:HAL_ADCEx_MultiModeGetValue	0	static
../Drivers/STM32H5xx_HAL_Driver/Src/stm32h5xx_hal_adc_ex.c:1211:10:HAL_ADCEx_InjectedGetValue	0	static
../Drivers/STM32H5xx_HAL_Driver/Src/stm32h5xx_hal_adc_ex.c:1246:13:HAL_ADCEx_InjectedConvCpltCallback	0	static
../Drivers/STM32H5xx_HAL_Driver/Src/stm32h5xx_hal_adc_ex.c:1265:13:HAL_ADCEx_InjectedQueueOverflowCallback	0	static
../Drivers/STM32H5xx_HAL_Driver/Src/stm32h5xx_hal_adc_ex.c:1280:13:HAL_ADCEx_LevelOutOfWindow2Callback	0	static
../Drivers/STM32H5xx_HAL_Driver/Src/stm32h5xx_hal_adc_ex.c:1295:13:HAL_ADCEx_LevelOutOfWindow3Callback	0	static
../Drivers/STM32H5xx_HAL_Driver/Src/stm32h5xx_hal_adc_ex.c:1311:13:HAL_ADCEx_EndOfSamplingCallback	0	static
../Drivers/STM32H5xx_HAL_Driver/Src/stm32h5xx_hal_adc_ex.c:1328:19:HAL_ADCEx_RegularStop	8	static
../Drivers/STM32H5xx_HAL_Driver/Src/stm32h5xx_hal_adc_ex.c:1386:19:HAL_ADCEx_RegularStop_IT	8	static
../Drivers/STM32H5xx_HAL_Driver/Src/stm32h5xx_hal_adc_ex.c:1446:19:HAL_ADCEx_RegularStop_DMA	16	static
../Drivers/STM32H5xx_HAL_Driver/Src/stm32h5xx_hal_adc_ex.c:1534:19:HAL_ADCEx_RegularMultiModeStop_DMA	120	static
../Drivers/STM32H5xx_HAL_Driver/Src/stm32h5xx_hal_adc_ex.c:1719:19:HAL_ADCEx_InjectedConfigChannel	32	static,ignoring_inline_asm
../Drivers/STM32H5xx_HAL_Driver/Src/stm32h5xx_hal_adc_ex.c:2195:19:HAL_ADCEx_MultiModeConfigChannel	120	static
../Drivers/STM32H5xx_HAL_Driver/Src/stm32h5xx_hal_adc_ex.c:2319:19:HAL_ADCEx_EnableInjectedQueue	8	static
../Drivers/STM32H5xx_HAL_Driver/Src/stm32h5xx_hal_adc_ex.c:2360:19:HAL_ADCEx_DisableInjectedQueue	8	static
../Drivers/STM32H5xx_HAL_Driver/Src/stm32h5xx_hal_adc_ex.c:2397:19:HAL_ADCEx_DisableVoltageRegulator	8	static
../Drivers/STM32H5xx_HAL_Driver/Src/stm32h5xx_hal_adc_ex.c:2434:19:HAL_ADCEx_EnterADCDeepPowerDownMode	8	static
