../Middlewares/Third_Party/FreeRTOS/Source/portable/GCC/ARM_CM33_NTZ/non_secure/port.c:850:13:prvTaskExitError	16	static
../Middlewares/Third_Party/FreeRTOS/Source/portable/GCC/ARM_CM33_NTZ/non_secure/port.c:822:32:vPortSetupTimerInterrupt	0	static
../Middlewares/Third_Party/FreeRTOS/Source/portable/GCC/ARM_CM33_NTZ/non_secure/port.c:1018:6:vPortYield	0	static,ignoring_inline_asm
../Middlewares/Third_Party/FreeRTOS/Source/portable/GCC/ARM_CM33_NTZ/non_secure/port.c:1030:6:vPortEnterCritical	8	static,ignoring_inline_asm
../Middlewares/Third_Party/FreeRTOS/Source/portable/GCC/ARM_CM33_NTZ/non_secure/port.c:1042:6:vPortExitCritical	8	static
../Middlewares/Third_Party/FreeRTOS/Source/portable/GCC/ARM_CM33_NTZ/non_secure/port.c:1054:6:xPortSysTickHandler	8	static
../Middlewares/Third_Party/FreeRTOS/Source/portable/GCC/ARM_CM33_NTZ/non_secure/port.c:1077:6:vPortSVCHandler_C	8	static
../Middlewares/Third_Party/FreeRTOS/Source/portable/GCC/ARM_CM33_NTZ/non_secure/port.c:1609:19:pxPortInitialiseStack	8	static
../Middlewares/Third_Party/FreeRTOS/Source/portable/GCC/ARM_CM33_NTZ/non_secure/port.c:1706:12:xPortStartScheduler	16	static
../Middlewares/Third_Party/FreeRTOS/Source/portable/GCC/ARM_CM33_NTZ/non_secure/port.c:1867:6:vPortEndScheduler	8	static
../Middlewares/Third_Party/FreeRTOS/Source/portable/GCC/ARM_CM33_NTZ/non_secure/port.c:2070:12:xPortIsInsideInterrupt	0	static,ignoring_inline_asm
../Middlewares/Third_Party/FreeRTOS/Source/portable/GCC/ARM_CM33_NTZ/non_secure/port.c:2095:10:vPortValidateInterruptPriority	8	static,ignoring_inline_asm
