../Middlewares/Third_Party/FreeRTOS/Source/queue.c:2617:19:prvIsQueueEmpty	8	static
../Middlewares/Third_Party/FreeRTOS/Source/queue.c:2393:19:prvCopyDataToQueue	16	static
../Middlewares/Third_Party/FreeRTOS/Source/queue.c:2476:13:prvCopyDataFromQueue	4	static
../Middlewares/Third_Party/FreeRTOS/Source/queue.c:2497:13:prvUnlockQueue	16	static
../Middlewares/Third_Party/FreeRTOS/Source/queue.c:303:12:xQueueGenericReset	16	static
../Middlewares/Third_Party/FreeRTOS/Source/queue.c:376:19:xQueueGenericCreateStatic	24	static
../Middlewares/Third_Party/FreeRTOS/Source/queue.c:446:16:xQueueGenericGetStaticBuffers	8	static
../Middlewares/Third_Party/FreeRTOS/Source/queue.c:502:19:xQueueGenericCreate	24	static
../Middlewares/Third_Party/FreeRTOS/Source/queue.c:692:18:xQueueGetMutexHolder	8	static
../Middlewares/Third_Party/FreeRTOS/Source/queue.c:729:18:xQueueGetMutexHolderFromISR	8	static
../Middlewares/Third_Party/FreeRTOS/Source/queue.c:865:19:xQueueCreateCountingSemaphoreStatic	16	static
../Middlewares/Third_Party/FreeRTOS/Source/queue.c:905:19:xQueueCreateCountingSemaphore	8	static
../Middlewares/Third_Party/FreeRTOS/Source/queue.c:942:12:xQueueGenericSend	40	static
../Middlewares/Third_Party/FreeRTOS/Source/queue.c:667:19:xQueueCreateMutexStatic	16	static
../Middlewares/Third_Party/FreeRTOS/Source/queue.c:759:16:xQueueGiveMutexRecursive	16	static
../Middlewares/Third_Party/FreeRTOS/Source/queue.c:647:19:xQueueCreateMutex	8	static
../Middlewares/Third_Party/FreeRTOS/Source/queue.c:1160:12:xQueueGenericSendFromISR	32	static
../Middlewares/Third_Party/FreeRTOS/Source/queue.c:1332:12:xQueueGiveFromISR	24	static
../Middlewares/Third_Party/FreeRTOS/Source/queue.c:1505:12:xQueueReceive	40	static
../Middlewares/Third_Party/FreeRTOS/Source/queue.c:1655:12:xQueueSemaphoreTake	40	static
../Middlewares/Third_Party/FreeRTOS/Source/queue.c:818:16:xQueueTakeMutexRecursive	16	static
../Middlewares/Third_Party/FreeRTOS/Source/queue.c:1880:12:xQueuePeek	40	static
../Middlewares/Third_Party/FreeRTOS/Source/queue.c:2038:12:xQueueReceiveFromISR	32	static
../Middlewares/Third_Party/FreeRTOS/Source/queue.c:2138:12:xQueuePeekFromISR	24	static
../Middlewares/Third_Party/FreeRTOS/Source/queue.c:2200:13:uxQueueMessagesWaiting	8	static
../Middlewares/Third_Party/FreeRTOS/Source/queue.c:2220:13:uxQueueSpacesAvailable	8	static
../Middlewares/Third_Party/FreeRTOS/Source/queue.c:2241:13:uxQueueMessagesWaitingFromISR	8	static
../Middlewares/Third_Party/FreeRTOS/Source/queue.c:2305:17:uxQueueGetQueueNumber	0	static
../Middlewares/Third_Party/FreeRTOS/Source/queue.c:2319:10:vQueueSetQueueNumber	0	static
../Middlewares/Third_Party/FreeRTOS/Source/queue.c:2334:13:ucQueueGetQueueType	0	static
../Middlewares/Third_Party/FreeRTOS/Source/queue.c:2346:13:uxQueueGetQueueItemSize	0	static
../Middlewares/Third_Party/FreeRTOS/Source/queue.c:2356:13:uxQueueGetQueueLength	0	static
../Middlewares/Third_Party/FreeRTOS/Source/queue.c:2638:12:xQueueIsQueueEmptyFromISR	8	static
../Middlewares/Third_Party/FreeRTOS/Source/queue.c:2683:12:xQueueIsQueueFullFromISR	8	static
../Middlewares/Third_Party/FreeRTOS/Source/queue.c:3012:10:vQueueAddToRegistry	16	static
../Middlewares/Third_Party/FreeRTOS/Source/queue.c:3063:18:pcQueueGetName	8	static
../Middlewares/Third_Party/FreeRTOS/Source/queue.c:3098:10:vQueueUnregisterQueue	8	static
../Middlewares/Third_Party/FreeRTOS/Source/queue.c:2257:6:vQueueDelete	8	static
../Middlewares/Third_Party/FreeRTOS/Source/queue.c:3135:10:vQueueWaitForMessageRestricted	16	static
