../Middlewares/Third_Party/FreeRTOS/Source/tasks.c:2041:17:prvAddNewTaskToReadyList	24	static
../Middlewares/Third_Party/FreeRTOS/Source/tasks.c:8579:13:prvAddCurrentTaskToDelayedList	32	static
../Middlewares/Third_Party/FreeRTOS/Source/tasks.c:6515:13:prvResetNextTaskUnblockTime	0	static
../Middlewares/Third_Party/FreeRTOS/Source/tasks.c:3312:23:prvTaskIsTaskSuspended	8	static
../Middlewares/Third_Party/FreeRTOS/Source/tasks.c:6462:17:prvDeleteTCB	8	static
../Middlewares/Third_Party/FreeRTOS/Source/tasks.c:6099:13:prvCheckTasksWaitingTermination	24	static
../Middlewares/Third_Party/FreeRTOS/Source/tasks.c:5801:8:prvIdleTask	8	static
../Middlewares/Third_Party/FreeRTOS/Source/tasks.c:1815:13:prvInitialiseNewTask.constprop	40	static
../Middlewares/Third_Party/FreeRTOS/Source/tasks.c:1331:18:xTaskCreateStatic	56	static
../Middlewares/Third_Party/FreeRTOS/Source/tasks.c:1740:16:xTaskCreate	48	static
../Middlewares/Third_Party/FreeRTOS/Source/tasks.c:2213:10:vTaskDelete	24	static
../Middlewares/Third_Party/FreeRTOS/Source/tasks.c:2508:16:eTaskGetState	24	static
../Middlewares/Third_Party/FreeRTOS/Source/tasks.c:2640:17:uxTaskPriorityGet	8	static
../Middlewares/Third_Party/FreeRTOS/Source/tasks.c:2668:17:uxTaskPriorityGetFromISR	8	static
../Middlewares/Third_Party/FreeRTOS/Source/tasks.c:2718:17:uxTaskBasePriorityGet	8	static
../Middlewares/Third_Party/FreeRTOS/Source/tasks.c:2746:17:uxTaskBasePriorityGetFromISR	8	static
../Middlewares/Third_Party/FreeRTOS/Source/tasks.c:2796:10:vTaskPrioritySet	24	static
../Middlewares/Third_Party/FreeRTOS/Source/tasks.c:3382:10:vTaskResume	24	static
../Middlewares/Third_Party/FreeRTOS/Source/tasks.c:3443:16:xTaskResumeFromISR	24	static
../Middlewares/Third_Party/FreeRTOS/Source/tasks.c:3689:6:vTaskStartScheduler	48	static
../Middlewares/Third_Party/FreeRTOS/Source/tasks.c:3794:6:vTaskEndScheduler	8	static
../Middlewares/Third_Party/FreeRTOS/Source/tasks.c:3837:6:vTaskSuspendAll	0	static,ignoring_inline_asm
../Middlewares/Third_Party/FreeRTOS/Source/tasks.c:4160:12:xTaskGetTickCount	0	static
../Middlewares/Third_Party/FreeRTOS/Source/tasks.c:4179:12:xTaskGetTickCountFromISR	8	static
../Middlewares/Third_Party/FreeRTOS/Source/tasks.c:4214:13:uxTaskGetNumberOfTasks	0	static
../Middlewares/Third_Party/FreeRTOS/Source/tasks.c:4226:8:pcTaskGetName	8	static
../Middlewares/Third_Party/FreeRTOS/Source/tasks.c:4385:16:xTaskGetStaticBuffers	8	static
../Middlewares/Third_Party/FreeRTOS/Source/tasks.c:4725:12:xTaskIncrementTick	40	static
../Middlewares/Third_Party/FreeRTOS/Source/tasks.c:4011:12:xTaskResumeAll	40	static,ignoring_inline_asm
../Middlewares/Third_Party/FreeRTOS/Source/tasks.c:2366:16:xTaskDelayUntil	8	static
../Middlewares/Third_Party/FreeRTOS/Source/tasks.c:2458:10:vTaskDelay	8	static
../Middlewares/Third_Party/FreeRTOS/Source/tasks.c:4601:12:xTaskCatchUpTicks	8	static
../Middlewares/Third_Party/FreeRTOS/Source/tasks.c:4631:16:xTaskAbortDelay	16	static
../Middlewares/Third_Party/FreeRTOS/Source/tasks.c:5109:10:vTaskSwitchContext	16	static
../Middlewares/Third_Party/FreeRTOS/Source/tasks.c:3149:10:vTaskSuspend	16	static
../Middlewares/Third_Party/FreeRTOS/Source/tasks.c:5296:6:vTaskPlaceOnEventList	8	static
../Middlewares/Third_Party/FreeRTOS/Source/tasks.c:5325:6:vTaskPlaceOnUnorderedEventList	16	static
../Middlewares/Third_Party/FreeRTOS/Source/tasks.c:5357:10:vTaskPlaceOnEventListRestricted	16	static
../Middlewares/Third_Party/FreeRTOS/Source/tasks.c:5394:12:xTaskRemoveFromEventList	16	static
../Middlewares/Third_Party/FreeRTOS/Source/tasks.c:5487:6:vTaskRemoveFromUnorderedEventList	16	static
../Middlewares/Third_Party/FreeRTOS/Source/tasks.c:5559:6:vTaskSetTimeOutState	8	static
../Middlewares/Third_Party/FreeRTOS/Source/tasks.c:5575:6:vTaskInternalSetTimeOutState	0	static
../Middlewares/Third_Party/FreeRTOS/Source/tasks.c:5587:12:xTaskCheckForTimeOut	16	static
../Middlewares/Third_Party/FreeRTOS/Source/tasks.c:5656:6:vTaskMissedYield	0	static
../Middlewares/Third_Party/FreeRTOS/Source/tasks.c:5669:17:uxTaskGetTaskNumber	0	static
../Middlewares/Third_Party/FreeRTOS/Source/tasks.c:5696:10:vTaskSetTaskNumber	0	static
../Middlewares/Third_Party/FreeRTOS/Source/tasks.c:6177:10:vTaskGetInfo	16	static
../Middlewares/Third_Party/FreeRTOS/Source/tasks.c:6325:24:prvListTasksWithinSingleList	32	static
../Middlewares/Third_Party/FreeRTOS/Source/tasks.c:4440:17:uxTaskGetSystemState	32	static
../Middlewares/Third_Party/FreeRTOS/Source/tasks.c:6429:17:uxTaskGetStackHighWaterMark	8	static
../Middlewares/Third_Party/FreeRTOS/Source/tasks.c:6539:22:xTaskGetCurrentTaskHandle	0	static
../Middlewares/Third_Party/FreeRTOS/Source/tasks.c:6574:18:xTaskGetCurrentTaskHandleForCore	0	static
../Middlewares/Third_Party/FreeRTOS/Source/tasks.c:6599:16:xTaskGetSchedulerState	0	static
../Middlewares/Third_Party/FreeRTOS/Source/tasks.c:6639:16:xTaskPriorityInherit	24	static
../Middlewares/Third_Party/FreeRTOS/Source/tasks.c:6742:16:xTaskPriorityDisinherit	16	static
../Middlewares/Third_Party/FreeRTOS/Source/tasks.c:6836:10:vTaskPriorityDisinheritAfterTimeout	16	static
../Middlewares/Third_Party/FreeRTOS/Source/tasks.c:7646:12:uxTaskResetEventItemValue	0	static
../Middlewares/Third_Party/FreeRTOS/Source/tasks.c:7666:18:pvTaskIncrementMutexHeldCount	0	static
../Middlewares/Third_Party/FreeRTOS/Source/tasks.c:7691:14:ulTaskGenericNotifyTake	24	static
../Middlewares/Third_Party/FreeRTOS/Source/tasks.c:7793:16:xTaskGenericNotifyWait	32	static
../Middlewares/Third_Party/FreeRTOS/Source/tasks.c:7907:16:xTaskGenericNotify	24	static
../Middlewares/Third_Party/FreeRTOS/Source/tasks.c:8027:16:xTaskGenericNotifyFromISR	24	static
../Middlewares/Third_Party/FreeRTOS/Source/tasks.c:8209:10:vTaskGenericNotifyGiveFromISR	24	static
../Middlewares/Third_Party/FreeRTOS/Source/tasks.c:8341:16:xTaskGenericNotifyStateClear	8	static
../Middlewares/Third_Party/FreeRTOS/Source/tasks.c:8380:14:ulTaskGenericNotifyValueClear	16	static
../Middlewares/Third_Party/FreeRTOS/Source/tasks.c:8749:10:vApplicationGetIdleTaskMemory	0	static
../Middlewares/Third_Party/FreeRTOS/Source/tasks.c:8790:10:vApplicationGetTimerTaskMemory	0	static
../Middlewares/Third_Party/FreeRTOS/Source/tasks.c:8810:6:vTaskResetState	0	static
