../Middlewares/Third_Party/FreeRTOS/Source/portable/MemMang/heap_1.c:79:8:pvPortMalloc	8	static
../Middlewares/Third_Party/FreeRTOS/Source/portable/MemMang/heap_1.c:143:6:vPortFree	8	static
../Middlewares/Third_Party/FreeRTOS/Source/portable/MemMang/heap_1.c:155:6:vPortInitialiseBlocks	0	static
../Middlewares/Third_Party/FreeRTOS/Source/portable/MemMang/heap_1.c:162:8:xPortGetFreeHeapSize	0	static
../Middlewares/Third_Party/FreeRTOS/Source/portable/MemMang/heap_1.c:174:6:vPortHeapResetState	0	static
