Archive member included to satisfy reference by file (symbol)

/opt/st/stm32cubeide_2.1.1/plugins/com.st.stm32cube.ide.mcu.externaltools.gnu-tools-for-stm32.14.3.rel1.linux64_1.0.100.202602081740/tools/bin/../lib/gcc/arm-none-eabi/14.3.1/../../../../arm-none-eabi/lib/thumb/v8-m.main+fp/hard/libc_nano.a(libc_a-exit.o)
                              /opt/st/stm32cubeide_2.1.1/plugins/com.st.stm32cube.ide.mcu.externaltools.gnu-tools-for-stm32.14.3.rel1.linux64_1.0.100.202602081740/tools/bin/../lib/gcc/arm-none-eabi/14.3.1/../../../../arm-none-eabi/lib/thumb/v8-m.main+fp/hard/crt0.o (exit)
/opt/st/stm32cubeide_2.1.1/plugins/com.st.stm32cube.ide.mcu.externaltools.gnu-tools-for-stm32.14.3.rel1.linux64_1.0.100.202602081740/tools/bin/../lib/gcc/arm-none-eabi/14.3.1/../../../../arm-none-eabi/lib/thumb/v8-m.main+fp/hard/libc_nano.a(libc_a-findfp.o)
                              /opt/st/stm32cubeide_2.1.1/plugins/com.st.stm32cube.ide.mcu.externaltools.gnu-tools-for-stm32.14.3.rel1.linux64_1.0.100.202602081740/tools/bin/../lib/gcc/arm-none-eabi/14.3.1/../../../../arm-none-eabi/lib/thumb/v8-m.main+fp/hard/libc_nano.a(libc_a-exit.o) (__stdio_exit_handler)
/opt/st/stm32cubeide_2.1.1/plugins/com.st.stm32cube.ide.mcu.externaltools.gnu-tools-for-stm32.14.3.rel1.linux64_1.0.100.202602081740/tools/bin/../lib/gcc/arm-none-eabi/14.3.1/../../../../arm-none-eabi/lib/thumb/v8-m.main+fp/hard/libc_nano.a(libc_a-fwalk.o)
                              /opt/st/stm32cubeide_2.1.1/plugins/com.st.stm32cube.ide.mcu.externaltools.gnu-tools-for-stm32.14.3.rel1.linux64_1.0.100.202602081740/tools/bin/../lib/gcc/arm-none-eabi/14.3.1/../../../../arm-none-eabi/lib/thumb/v8-m.main+fp/hard/libc_nano.a(libc_a-findfp.o) (_fwalk_sglue)
/opt/st/stm32cubeide_2.1.1/plugins/com.st.stm32cube.ide.mcu.externaltools.gnu-tools-for-stm32.14.3.rel1.linux64_1.0.100.202602081740/tools/bin/../lib/gcc/arm-none-eabi/14.3.1/../../../../arm-none-eabi/lib/thumb/v8-m.main+fp/hard/libc_nano.a(libc_a-sprintf.o)
                              ./User/Drivers/a7677.o (sprintf)
/opt/st/stm32cubeide_2.1.1/plugins/com.st.stm32cube.ide.mcu.externaltools.gnu-tools-for-stm32.14.3.rel1.linux64_1.0.100.202602081740/tools/bin/../lib/gcc/arm-none-eabi/14.3.1/../../../../arm-none-eabi/lib/thumb/v8-m.main+fp/hard/libc_nano.a(libc_a-stdio.o)
                              /opt/st/stm32cubeide_2.1.1/plugins/com.st.stm32cube.ide.mcu.externaltools.gnu-tools-for-stm32.14.3.rel1.linux64_1.0.100.202602081740/tools/bin/../lib/gcc/arm-none-eabi/14.3.1/../../../../arm-none-eabi/lib/thumb/v8-m.main+fp/hard/libc_nano.a(libc_a-findfp.o) (__sread)
/opt/st/stm32cubeide_2.1.1/plugins/com.st.stm32cube.ide.mcu.externaltools.gnu-tools-for-stm32.14.3.rel1.linux64_1.0.100.202602081740/tools/bin/../lib/gcc/arm-none-eabi/14.3.1/../../../../arm-none-eabi/lib/thumb/v8-m.main+fp/hard/libc_nano.a(libc_a-memset.o)
                              /opt/st/stm32cubeide_2.1.1/plugins/com.st.stm32cube.ide.mcu.externaltools.gnu-tools-for-stm32.14.3.rel1.linux64_1.0.100.202602081740/tools/bin/../lib/gcc/arm-none-eabi/14.3.1/../../../../arm-none-eabi/lib/thumb/v8-m.main+fp/hard/crt0.o (memset)
/opt/st/stm32cubeide_2.1.1/plugins/com.st.stm32cube.ide.mcu.externaltools.gnu-tools-for-stm32.14.3.rel1.linux64_1.0.100.202602081740/tools/bin/../lib/gcc/arm-none-eabi/14.3.1/../../../../arm-none-eabi/lib/thumb/v8-m.main+fp/hard/libc_nano.a(libc_a-closer.o)
                              /opt/st/stm32cubeide_2.1.1/plugins/com.st.stm32cube.ide.mcu.externaltools.gnu-tools-for-stm32.14.3.rel1.linux64_1.0.100.202602081740/tools/bin/../lib/gcc/arm-none-eabi/14.3.1/../../../../arm-none-eabi/lib/thumb/v8-m.main+fp/hard/libc_nano.a(libc_a-stdio.o) (_close_r)
/opt/st/stm32cubeide_2.1.1/plugins/com.st.stm32cube.ide.mcu.externaltools.gnu-tools-for-stm32.14.3.rel1.linux64_1.0.100.202602081740/tools/bin/../lib/gcc/arm-none-eabi/14.3.1/../../../../arm-none-eabi/lib/thumb/v8-m.main+fp/hard/libc_nano.a(libc_a-reent.o)
                              /opt/st/stm32cubeide_2.1.1/plugins/com.st.stm32cube.ide.mcu.externaltools.gnu-tools-for-stm32.14.3.rel1.linux64_1.0.100.202602081740/tools/bin/../lib/gcc/arm-none-eabi/14.3.1/../../../../arm-none-eabi/lib/thumb/v8-m.main+fp/hard/libc_nano.a(libc_a-closer.o) (errno)
/opt/st/stm32cubeide_2.1.1/plugins/com.st.stm32cube.ide.mcu.externaltools.gnu-tools-for-stm32.14.3.rel1.linux64_1.0.100.202602081740/tools/bin/../lib/gcc/arm-none-eabi/14.3.1/../../../../arm-none-eabi/lib/thumb/v8-m.main+fp/hard/libc_nano.a(libc_a-impure.o)
                              /opt/st/stm32cubeide_2.1.1/plugins/com.st.stm32cube.ide.mcu.externaltools.gnu-tools-for-stm32.14.3.rel1.linux64_1.0.100.202602081740/tools/bin/../lib/gcc/arm-none-eabi/14.3.1/../../../../arm-none-eabi/lib/thumb/v8-m.main+fp/hard/libc_nano.a(libc_a-sprintf.o) (_impure_ptr)
[...]
Memory Configuration

Name             Origin             Length             Attributes
RAM              0x20000000         0x000a0000         xrw
FLASH            0x08000000         0x00200000         xr
*default*        0x00000000         0xffffffff

Linker script and memory map

LOAD /opt/st/stm32cubeide_2.1.1/plugins/com.st.stm32cube.ide.mcu.externaltools.gnu-tools-for-stm32.14.3.rel1.linux64_1.0.100.202602081740/tools/bin/../lib/gcc/arm-none-eabi/14.3.1/thumb/v8-m.main+fp/hard/crti.o
LOAD /opt/st/stm32cubeide_2.1.1/plugins/com.st.stm32cube.ide.mcu.externaltools.gnu-tools-for-stm32.14.3.rel1.linux64_1.0.100.202602081740/tools/bin/../lib/gcc/arm-none-eabi/14.3.1/thumb/v8-m.main+fp/hard/crtbegin.o
LOAD /opt/st/stm32cubeide_2.1.1/plugins/com.st.stm32cube.ide.mcu.externaltools.gnu-tools-for-stm32.14.3.rel1.linux64_1.0.100.202602081740/tools/bin/../lib/gcc/arm-none-eabi/14.3.1/../../../../arm-none-eabi/lib/thumb/v8-m.main+fp/hard/crt0.o
LOAD ./Core/Src/app_freertos.o
LOAD ./Core/Src/gpio.o
LOAD ./Core/Src/icache.o
LOAD ./Core/Src/main.o
LOAD ./Core/Src/spi.o
LOAD ./Core/Src/stm32h5xx_hal_msp.o
LOAD ./Core/Src/stm32h5xx_hal_timebase_tim.o
LOAD ./Core/Src/stm32h5xx_it.o
LOAD ./Core/Src/syscalls.o
LOAD ./Core/Src/sysmem.o
LOAD ./Core/Src/system_stm32h5xx.o
LOAD ./Core/Src/usart.o
LOAD ./Core/Startup/startup_stm32h563zitx.o
LOAD ./Drivers/STM32H5xx_HAL_Driver/Src/stm32h5xx_hal.o
LOAD ./Drivers/STM32H5xx_HAL_Driver/Src/stm32h5xx_hal_cortex.o
LOAD ./Drivers/STM32H5xx_HAL_Driver/Src/stm32h5xx_hal_dma.o
LOAD ./Drivers/STM32H5xx_HAL_Driver/Src/stm32h5xx_hal_dma_ex.o
LOAD ./Drivers/STM32H5xx_HAL_Driver/Src/stm32h5xx_hal_exti.o
LOAD ./Drivers/STM32H5xx_HAL_Driver/Src/stm32h5xx_hal_flash.o
LOAD ./Drivers/STM32H5xx_HAL_Driver/Src/stm32h5xx_hal_flash_ex.o
LOAD ./Drivers/STM32H5xx_HAL_Driver/Src/stm32h5xx_hal_gpio.o
LOAD ./Drivers/STM32H5xx_HAL_Driver/Src/stm32h5xx_hal_icache.o
LOAD ./Drivers/STM32H5xx_HAL_Driver/Src/stm32h5xx_hal_pwr.o
LOAD ./Drivers/STM32H5xx_HAL_Driver/Src/stm32h5xx_hal_pwr_ex.o
LOAD ./Drivers/STM32H5xx_HAL_Driver/Src/stm32h5xx_hal_rcc.o
LOAD ./Drivers/STM32H5xx_HAL_Driver/Src/stm32h5xx_hal_rcc_ex.o
LOAD ./Drivers/STM32H5xx_HAL_Driver/Src/stm32h5xx_hal_spi.o
LOAD ./Drivers/STM32H5xx_HAL_Driver/Src/stm32h5xx_hal_spi_ex.o
LOAD ./Drivers/STM32H5xx_HAL_Driver/Src/stm32h5xx_hal_tim.o
LOAD ./Drivers/STM32H5xx_HAL_Driver/Src/stm32h5xx_hal_tim_ex.o
LOAD ./Drivers/STM32H5xx_HAL_Driver/Src/stm32h5xx_hal_uart.o
LOAD ./Drivers/STM32H5xx_HAL_Driver/Src/stm32h5xx_hal_uart_ex.o
LOAD ./Middlewares/Third_Party/FreeRTOS/Source/CMSIS_RTOS_V2/cmsis_os2.o
LOAD ./Middlewares/Third_Party/FreeRTOS/Source/croutine.o
LOAD ./Middlewares/Third_Party/FreeRTOS/Source/event_groups.o
LOAD ./Middlewares/Third_Party/FreeRTOS/Source/list.o
LOAD ./Middlewares/Third_Party/FreeRTOS/Source/queue.o
LOAD ./Middlewares/Third_Party/FreeRTOS/Source/stream_buffer.o
LOAD ./Middlewares/Third_Party/FreeRTOS/Source/tasks.o
LOAD ./Middlewares/Third_Party/FreeRTOS/Source/timers.o
LOAD ./Middlewares/Third_Party/FreeRTOS/Source/portable/GCC/ARM_CM33_NTZ/non_secure/port.o
LOAD ./Middlewares/Third_Party/FreeRTOS/Source/portable/GCC/ARM_CM33_NTZ/non_secure/portasm.o
LOAD ./Middlewares/Third_Party/FreeRTOS/Source/portable/MemMang/heap_1.o
LOAD ./User/Drivers/a7677.o
LOAD ./User/Drivers/sx1278.o
START GROUP
LOAD /opt/st/stm32cubeide_2.1.1/plugins/com.st.stm32cube.ide.mcu.externaltools.gnu-tools-for-stm32.14.3.rel1.linux64_1.0.100.202602081740/tools/bin/../lib/gcc/arm-none-eabi/14.3.1/../../../../arm-none-eabi/lib/thumb/v8-m.main+fp/hard/libc_nano.a
LOAD /opt/st/stm32cubeide_2.1.1/plugins/com.st.stm32cube.ide.mcu.externaltools.gnu-tools-for-stm32.14.3.rel1.linux64_1.0.100.202602081740/tools/bin/../lib/gcc/arm-none-eabi/14.3.1/../../../../arm-none-eabi/lib/thumb/v8-m.main+fp/hard/libm.a
END GROUP
START GROUP
LOAD /opt/st/stm32cubeide_2.1.1/plugins/com.st.stm32cube.ide.mcu.externaltools.gnu-tools-for-stm32.14.3.rel1.linux64_1.0.100.202602081740/tools/bin/../lib/gcc/arm-none-eabi/14.3.1/thumb/v8-m.main+fp/hard/libgcc.a
LOAD /opt/st/stm32cubeide_2.1.1/plugins/com.st.stm32cube.ide.mcu.externaltools.gnu-tools-for-stm32.14.3.rel1.linux64_1.0.100.202602081740/tools/bin/../lib/gcc/arm-none-eabi/14.3.1/../../../../arm-none-eabi/lib/thumb/v8-m.main+fp/hard/libc_nano.a
END GROUP
START GROUP
LOAD /opt/st/stm32cubeide_2.1.1/plugins/com.st.stm32cube.ide.mcu.externaltools.gnu-tools-for-stm32.14.3.rel1.linux64_1.0.100.202602081740/tools/bin/../lib/gcc/arm-none-eabi/14.3.1/thumb/v8-m.main+fp/hard/libgcc.a
LOAD /opt/st/stm32cubeide_2.1.1/plugins/com.st.stm32cube.ide.mcu.externaltools.gnu-tools-for-stm32.14.3.rel1.linux64_1.0.100.202602081740/tools/bin/../lib/gcc/arm-none-eabi/14.3.1/../../../../arm-none-eabi/lib/thumb/v8-m.main+fp/hard/libc_nano.a
LOAD /opt/st/stm32cubeide_2.1.1/plugins/com.st.stm32cube.ide.mcu.externaltools.gnu-tools-for-stm32.14.3.rel1.linux64_1.0.100.202602081740/tools/bin/../lib/gcc/arm-none-eabi/14.3.1/../../../../arm-none-eabi/lib/thumb/v8-m.main+fp/hard/libnosys.a
END GROUP
START GROUP
LOAD /opt/st/stm32cubeide_2.1.1/plugins/com.st.stm32cube.ide.mcu.externaltools.gnu-tools-for-stm32.14.3.rel1.linux64_1.0.100.202602081740/tools/bin/../lib/gcc/arm-none-eabi/14.3.1/thumb/v8-m.main+fp/hard/libgcc.a
LOAD /opt/st/stm32cubeide_2.1.1/plugins/com.st.stm32cube.ide.mcu.externaltools.gnu-tools-for-stm32.14.3.rel1.linux64_1.0.100.202602081740/tools/bin/../lib/gcc/arm-none-eabi/14.3.1/../../../../arm-none-eabi/lib/thumb/v8-m.main+fp/hard/libc_nano.a
LOAD /opt/st/stm32cubeide_2.1.1/plugins/com.st.stm32cube.ide.mcu.externaltools.gnu-tools-for-stm32.14.3.rel1.linux64_1.0.100.202602081740/tools/bin/../lib/gcc/arm-none-eabi/14.3.1/../../../../arm-none-eabi/lib/thumb/v8-m.main+fp/hard/libnosys.a
END GROUP
LOAD /opt/st/stm32cubeide_2.1.1/plugins/com.st.stm32cube.ide.mcu.externaltools.gnu-tools-for-stm32.14.3.rel1.linux64_1.0.100.202602081740/tools/bin/../lib/gcc/arm-none-eabi/14.3.1/thumb/v8-m.main+fp/hard/crtend.o
LOAD /opt/st/stm32cubeide_2.1.1/plugins/com.st.stm32cube.ide.mcu.externaltools.gnu-tools-for-stm32.14.3.rel1.linux64_1.0.100.202602081740/tools/bin/../lib/gcc/arm-none-eabi/14.3.1/thumb/v8-m.main+fp/hard/crtn.o
                0x200a0000                        _estack = (ORIGIN (RAM) + LENGTH (RAM))
                0x2009fc00                        _sstack = (_estack - _Min_Stack_Size)
                0x00000200                        _Min_Heap_Size = 0x200
                0x00000400                        _Min_Stack_Size = 0x400

.isr_vector     0x08000000      0x24c
                0x08000000                        . = ALIGN (0x4)
 *(.isr_vector)
 .isr_vector    0x08000000      0x24c ./Core/Startup/startup_stm32h563zitx.o
                0x08000000                g_pfnVectors
                0x0800024c                        . = ALIGN (0x4)

.text           0x0800024c     0xe7e0
                0x0800024c                        . = ALIGN (0x4)
 *(.text)
 .text          0x0800024c       0x40 /opt/st/stm32cubeide_2.1.1/plugins/com.st.stm32cube.ide.mcu.externaltools.gnu-tools-for-stm32.14.3.rel1.linux64_1.0.100.202602081740/tools/bin/../lib/gcc/arm-none-eabi/14.3.1/thumb/v8-m.main+fp/hard/crtbegin.o
 .text          0x0800028c       0x10 /opt/st/stm32cubeide_2.1.1/plugins/com.st.stm32cube.ide.mcu.externaltools.gnu-tools-for-stm32.14.3.rel1.linux64_1.0.100.202602081740/tools/bin/../lib/gcc/arm-none-eabi/14.3.1/../../../../arm-none-eabi/lib/thumb/v8-m.main+fp/hard/libc_nano.a(libc_a-strlen.o)
                0x0800028c                strlen
 .text          0x0800029c       0x30 /opt/st/stm32cubeide_2.1.1/plugins/com.st.stm32cube.ide.mcu.externaltools.gnu-tools-for-stm32.14.3.rel1.linux64_1.0.100.202602081740/tools/bin/../lib/gcc/arm-none-eabi/14.3.1/thumb/v8-m.main+fp/hard/libgcc.a(_aeabi_uldivmod.o)
                0x0800029c                __aeabi_uldivmod
 .text          0x080002cc      0x34c /opt/st/stm32cubeide_2.1.1/plugins/com.st.stm32cube.ide.mcu.externaltools.gnu-tools-for-stm32.14.3.rel1.linux64_1.0.100.202602081740/tools/bin/../lib/gcc/arm-none-eabi/14.3.1/thumb/v8-m.main+fp/hard/libgcc.a(_udivmoddi4.o)
                0x080002cc                __udivmoddi4
 .text          0x08000618        0x4 /opt/st/stm32cubeide_2.1.1/plugins/com.st.stm32cube.ide.mcu.externaltools.gnu-tools-for-stm32.14.3.rel1.linux64_1.0.100.202602081740/tools/bin/../lib/gcc/arm-none-eabi/14.3.1/thumb/v8-m.main+fp/hard/libgcc.a(_dvmd_tls.o)
                0x08000618                __aeabi_ldiv0
                0x08000618                __aeabi_idiv0
 *(.text*)
 .text.MX_FREERTOS_Init
                0x0800061c       0x70 ./Core/Src/app_freertos.o
                0x0800061c                MX_FREERTOS_Init
 .text.StartDefaultTask
                0x0800068c       0x8c ./Core/Src/app_freertos.o
                0x0800068c                StartDefaultTask
 .text.StartSim4GTxTask
                0x08000718       0x40 ./Core/Src/app_freertos.o
                0x08000718                StartSim4GTxTask
 .text.MX_GPIO_Init
                0x08000758      0x234 ./Core/Src/gpio.o
                0x08000758                MX_GPIO_Init
 .text.MX_ICACHE_Init
                0x0800098c       0x26 ./Core/Src/icache.o
                0x0800098c                MX_ICACHE_Init
 .text.main     0x080009b2       0x30 ./Core/Src/main.o
                0x080009b2                main
 *fill*         0x080009e2        0x2 
 .text.SystemClock_Config
                0x080009e4       0xe4 ./Core/Src/main.o
                0x080009e4                SystemClock_Config
 .text.MPU_Config
                0x08000ac8       0x6c ./Core/Src/main.o
 .text.HAL_TIM_PeriodElapsedCallback
                0x08000b34       0x24 ./Core/Src/main.o
                0x08000b34                HAL_TIM_PeriodElapsedCallback
 .text.Error_Handler
                0x08000b58        0xc ./Core/Src/main.o
                0x08000b58                Error_Handler
 .text.MX_SPI1_Init
                0x08000b64       0xac ./Core/Src/spi.o
                0x08000b64                MX_SPI1_Init
 .text.HAL_SPI_MspInit
                0x08000c10      0x11c ./Core/Src/spi.o
                0x08000c10                HAL_SPI_MspInit
 .text.HAL_MspInit
                0x08000d2c       0x18 ./Core/Src/stm32h5xx_hal_msp.o
                0x08000d2c                HAL_MspInit
 .text.HAL_InitTick
                0x08000d44       0xec ./Core/Src/stm32h5xx_hal_timebase_tim.o
                0x08000d44                HAL_InitTick
 .text.NMI_Handler
                0x08000e30        0x8 ./Core/Src/stm32h5xx_it.o
                0x08000e30                NMI_Handler
 .text.HardFault_Handler
                0x08000e38        0x8 ./Core/Src/stm32h5xx_it.o
                0x08000e38                HardFault_Handler
 .text.MemManage_Handler
                0x08000e40        0x8 ./Core/Src/stm32h5xx_it.o
                0x08000e40                MemManage_Handler
 .text.BusFault_Handler
                0x08000e48        0x8 ./Core/Src/stm32h5xx_it.o
                0x08000e48                BusFault_Handler
 .text.UsageFault_Handler
                0x08000e50        0x8 ./Core/Src/stm32h5xx_it.o
                0x08000e50                UsageFault_Handler
 .text.DebugMon_Handler
                0x08000e58        0xe ./Core/Src/stm32h5xx_it.o
                0x08000e58                DebugMon_Handler
 .text.EXTI7_IRQHandler
                0x08000e66        0xe ./Core/Src/stm32h5xx_it.o
                0x08000e66                EXTI7_IRQHandler
 .text.EXTI12_IRQHandler
                0x08000e74       0x10 ./Core/Src/stm32h5xx_it.o
                0x08000e74                EXTI12_IRQHandler
 .text.TIM6_IRQHandler
                0x08000e84       0x14 ./Core/Src/stm32h5xx_it.o
                0x08000e84                TIM6_IRQHandler
 .text.UART5_IRQHandler
                0x08000e98       0x14 ./Core/Src/stm32h5xx_it.o
                0x08000e98                UART5_IRQHandler
 .text._sbrk    0x08000eac       0x6c ./Core/Src/sysmem.o
                0x08000eac                _sbrk
 .text.SystemInit
                0x08000f18      0x100 ./Core/Src/system_stm32h5xx.o
                0x08000f18                SystemInit
 .text.MX_UART5_Init
                0x08001018       0x98 ./Core/Src/usart.o
                0x08001018                MX_UART5_Init
 .text.HAL_UART_MspInit
                0x080010b0      0x18c ./Core/Src/usart.o
                0x080010b0                HAL_UART_MspInit
 .text.Reset_Handler
                0x0800123c       0x5c ./Core/Startup/startup_stm32h563zitx.o
                0x0800123c                Reset_Handler
 .text.Default_Handler
                0x08001298        0x2 ./Core/Startup/startup_stm32h563zitx.o
                0x08001298                EXTI2_IRQHandler
                0x08001298                TIM8_TRG_COM_IRQHandler
                0x08001298                TIM8_CC_IRQHandler
                0x08001298                EXTI5_IRQHandler
                0x08001298                I3C1_ER_IRQHandler
                0x08001298                UART8_IRQHandler
                0x08001298                SPI4_IRQHandler
                0x08001298                GPDMA2_Channel1_IRQHandler
                0x08001298                FLASH_S_IRQHandler
                0x08001298                EXTI13_IRQHandler
                0x08001298                TIM1_CC_IRQHandler
                0x08001298                GPDMA2_Channel3_IRQHandler
                0x08001298                TAMP_IRQHandler
                0x08001298                CORDIC_IRQHandler
                0x08001298                USB_DRD_FS_IRQHandler
                0x08001298                EXTI3_IRQHandler
                0x08001298                LPTIM4_IRQHandler
                0x08001298                GPDMA1_Channel5_IRQHandler
                0x08001298                EXTI8_IRQHandler
                0x08001298                GPDMA2_Channel5_IRQHandler
                0x08001298                LPTIM2_IRQHandler
                0x08001298                I2C3_ER_IRQHandler
                0x08001298                GPDMA2_Channel2_IRQHandler
                0x08001298                USART10_IRQHandler
                0x08001298                LPTIM3_IRQHandler
                0x08001298                EXTI0_IRQHandler
                0x08001298                I2C2_EV_IRQHandler
                0x08001298                FPU_IRQHandler
                0x08001298                GPDMA1_Channel3_IRQHandler
                0x08001298                GPDMA1_Channel7_IRQHandler
                0x08001298                FDCAN1_IT1_IRQHandler
                0x08001298                RAMCFG_IRQHandler
                0x08001298                DCACHE1_IRQHandler
                0x08001298                SPI1_IRQHandler
                0x08001298                OCTOSPI1_IRQHandler
                0x08001298                GPDMA1_Channel2_IRQHandler
                0x08001298                TIM8_UP_IRQHandler
                0x08001298                RCC_S_IRQHandler
                0x08001298                SAI2_IRQHandler
                0x08001298                ADC1_IRQHandler
                0x08001298                USART6_IRQHandler
                0x08001298                EXTI15_IRQHandler
                0x08001298                TIM17_IRQHandler
                0x08001298                USART3_IRQHandler
                0x08001298                RTC_IRQHandler
                0x08001298                EXTI9_IRQHandler
                0x08001298                LPTIM5_IRQHandler
                0x08001298                TIM4_IRQHandler
                0x08001298                I2C1_EV_IRQHandler
                0x08001298                GPDMA1_Channel1_IRQHandler
                0x08001298                TIM16_IRQHandler
                0x08001298                UART4_IRQHandler
                0x08001298                SecureFault_Handler
                0x08001298                TIM3_IRQHandler
                0x08001298                RCC_IRQHandler
                0x08001298                UART9_IRQHandler
                0x08001298                TIM1_TRG_COM_IRQHandler
                0x08001298                Default_Handler
                0x08001298                FMAC_IRQHandler
                0x08001298                CEC_IRQHandler
                0x08001298                USART11_IRQHandler
                0x08001298                TIM14_IRQHandler
                0x08001298                TIM13_IRQHandler
                0x08001298                GPDMA2_Channel4_IRQHandler
                0x08001298                SPI5_IRQHandler
                0x08001298                TIM12_IRQHandler
                0x08001298                TIM7_IRQHandler
                0x08001298                SDMMC1_IRQHandler
                0x08001298                TIM5_IRQHandler
                0x08001298                UCPD1_IRQHandler
                0x08001298                GPDMA1_Channel0_IRQHandler
                0x08001298                I3C1_EV_IRQHandler
                0x08001298                TIM15_IRQHandler
                0x08001298                PVD_AVD_IRQHandler
                0x08001298                I2C3_EV_IRQHandler
                0x08001298                ETH_WKUP_IRQHandler
                0x08001298                ADC2_IRQHandler
                0x08001298                SPI2_IRQHandler
                0x08001298                EXTI14_IRQHandler
                0x08001298                EXTI11_IRQHandler
                0x08001298                CRS_IRQHandler
                0x08001298                EXTI4_IRQHandler
                0x08001298                GPDMA2_Channel0_IRQHandler
                0x08001298                RTC_S_IRQHandler
                0x08001298                RNG_IRQHandler
                0x08001298                FDCAN2_IT1_IRQHandler
                0x08001298                ETH_IRQHandler
                0x08001298                GPDMA2_Channel6_IRQHandler
                0x08001298                TIM1_UP_IRQHandler
                0x08001298                UART12_IRQHandler
                0x08001298                WWDG_IRQHandler
                0x08001298                SPI6_IRQHandler
                0x08001298                I2C4_EV_IRQHandler
                0x08001298                FDCAN2_IT0_IRQHandler
                0x08001298                IWDG_IRQHandler
                0x08001298                LPUART1_IRQHandler
                0x08001298                FDCAN1_IT0_IRQHandler
                0x08001298                TIM2_IRQHandler
                0x08001298                GPDMA1_Channel4_IRQHandler
                0x08001298                TIM1_BRK_IRQHandler
                0x08001298                EXTI1_IRQHandler
                0x08001298                SDMMC2_IRQHandler
                0x08001298                LPTIM6_IRQHandler
                0x08001298                DAC1_IRQHandler
                0x08001298                DTS_IRQHandler
                0x08001298                UART7_IRQHandler
                0x08001298                GTZC_IRQHandler
                0x08001298                USART2_IRQHandler
                0x08001298                GPDMA1_Channel6_IRQHandler
                0x08001298                GPDMA2_Channel7_IRQHandler
                0x08001298                I2C2_ER_IRQHandler
                0x08001298                TIM8_BRK_IRQHandler
                0x08001298                FLASH_IRQHandler
                0x08001298                USART1_IRQHandler
                0x08001298                EXTI10_IRQHandler
                0x08001298                SPI3_IRQHandler
                0x08001298                I2C1_ER_IRQHandler
                0x08001298                FMC_IRQHandler
                0x08001298                EXTI6_IRQHandler
                0x08001298                LPTIM1_IRQHandler
                0x08001298                DCMI_PSSI_IRQHandler
                0x08001298                I2C4_ER_IRQHandler
                0x08001298                ICACHE_IRQHandler
                0x08001298                SAI1_IRQHandler
                0x08001298                HASH_IRQHandler
 *fill*         0x0800129a        0x2 
 .text.HAL_Init
                0x0800129c       0x50 ./Drivers/STM32H5xx_HAL_Driver/Src/stm32h5xx_hal.o
                0x0800129c                HAL_Init
 .text.HAL_IncTick
                0x080012ec       0x28 ./Drivers/STM32H5xx_HAL_Driver/Src/stm32h5xx_hal.o
                0x080012ec                HAL_IncTick
 .text.HAL_GetTick
                0x08001314       0x18 ./Drivers/STM32H5xx_HAL_Driver/Src/stm32h5xx_hal.o
                0x08001314                HAL_GetTick
 .text.HAL_Delay
                0x0800132c       0x48 ./Drivers/STM32H5xx_HAL_Driver/Src/stm32h5xx_hal.o
                0x0800132c                HAL_Delay
 .text.__NVIC_SetPriorityGrouping
                0x08001374       0x48 ./Drivers/STM32H5xx_HAL_Driver/Src/stm32h5xx_hal_cortex.o
 .text.__NVIC_GetPriorityGrouping
                0x080013bc       0x1c ./Drivers/STM32H5xx_HAL_Driver/Src/stm32h5xx_hal_cortex.o
 .text.__NVIC_EnableIRQ
                0x080013d8       0x3c ./Drivers/STM32H5xx_HAL_Driver/Src/stm32h5xx_hal_cortex.o
 .text.__NVIC_SetPriority
                0x08001414       0x54 ./Drivers/STM32H5xx_HAL_Driver/Src/stm32h5xx_hal_cortex.o
 .text.NVIC_EncodePriority
                0x08001468       0x66 ./Drivers/STM32H5xx_HAL_Driver/Src/stm32h5xx_hal_cortex.o
 .text.HAL_NVIC_SetPriorityGrouping
                0x080014ce       0x16 ./Drivers/STM32H5xx_HAL_Driver/Src/stm32h5xx_hal_cortex.o
                0x080014ce                HAL_NVIC_SetPriorityGrouping
 .text.HAL_NVIC_SetPriority
                0x080014e4       0x34 ./Drivers/STM32H5xx_HAL_Driver/Src/stm32h5xx_hal_cortex.o
                0x080014e4                HAL_NVIC_SetPriority
 .text.HAL_NVIC_EnableIRQ
                0x08001518       0x1c ./Drivers/STM32H5xx_HAL_Driver/Src/stm32h5xx_hal_cortex.o
                0x08001518                HAL_NVIC_EnableIRQ
 .text.HAL_SYSTICK_CLKSourceConfig
                0x08001534       0xb0 ./Drivers/STM32H5xx_HAL_Driver/Src/stm32h5xx_hal_cortex.o
                0x08001534                HAL_SYSTICK_CLKSourceConfig
 .text.HAL_MPU_Enable
                0x080015e4       0x44 ./Drivers/STM32H5xx_HAL_Driver/Src/stm32h5xx_hal_cortex.o
                0x080015e4                HAL_MPU_Enable
 .text.HAL_MPU_Disable
                0x08001628       0x40 ./Drivers/STM32H5xx_HAL_Driver/Src/stm32h5xx_hal_cortex.o
                0x08001628                HAL_MPU_Disable
 .text.HAL_MPU_ConfigRegion
                0x08001668       0x1c ./Drivers/STM32H5xx_HAL_Driver/Src/stm32h5xx_hal_cortex.o
                0x08001668                HAL_MPU_ConfigRegion
 .text.HAL_MPU_ConfigMemoryAttributes
                0x08001684       0x1c ./Drivers/STM32H5xx_HAL_Driver/Src/stm32h5xx_hal_cortex.o
                0x08001684                HAL_MPU_ConfigMemoryAttributes
 .text.MPU_ConfigRegion
                0x080016a0       0x6e ./Drivers/STM32H5xx_HAL_Driver/Src/stm32h5xx_hal_cortex.o
 .text.MPU_ConfigMemoryAttributes
                0x0800170e       0x6c ./Drivers/STM32H5xx_HAL_Driver/Src/stm32h5xx_hal_cortex.o
 .text.HAL_DMA_Abort
                0x0800177a       0xf8 ./Drivers/STM32H5xx_HAL_Driver/Src/stm32h5xx_hal_dma.o
                0x0800177a                HAL_DMA_Abort
 .text.HAL_DMA_Abort_IT
                0x08001872       0x52 ./Drivers/STM32H5xx_HAL_Driver/Src/stm32h5xx_hal_dma.o
                0x08001872                HAL_DMA_Abort_IT
 .text.HAL_GPIO_Init
                0x080018c4      0x2bc ./Drivers/STM32H5xx_HAL_Driver/Src/stm32h5xx_hal_gpio.o
                0x080018c4                HAL_GPIO_Init
 .text.HAL_GPIO_WritePin
                0x08001b80       0x30 ./Drivers/STM32H5xx_HAL_Driver/Src/stm32h5xx_hal_gpio.o
                0x08001b80                HAL_GPIO_WritePin
 .text.HAL_GPIO_EXTI_IRQHandler
                0x08001bb0       0x4c ./Drivers/STM32H5xx_HAL_Driver/Src/stm32h5xx_hal_gpio.o
                0x08001bb0                HAL_GPIO_EXTI_IRQHandler
 .text.HAL_GPIO_EXTI_Rising_Callback
                0x08001bfc       0x16 ./Drivers/STM32H5xx_HAL_Driver/Src/stm32h5xx_hal_gpio.o
                0x08001bfc                HAL_GPIO_EXTI_Rising_Callback
 .text.HAL_GPIO_EXTI_Falling_Callback
                0x08001c12       0x16 ./Drivers/STM32H5xx_HAL_Driver/Src/stm32h5xx_hal_gpio.o
                0x08001c12                HAL_GPIO_EXTI_Falling_Callback
 .text.HAL_ICACHE_ConfigAssociativityMode
                0x08001c28       0x40 ./Drivers/STM32H5xx_HAL_Driver/Src/stm32h5xx_hal_icache.o
                0x08001c28                HAL_ICACHE_ConfigAssociativityMode
 .text.HAL_ICACHE_Enable
                0x08001c68       0x20 ./Drivers/STM32H5xx_HAL_Driver/Src/stm32h5xx_hal_icache.o
                0x08001c68                HAL_ICACHE_Enable
 .text.HAL_PWREx_DisableUCPDDeadBattery
                0x08001c88       0x20 ./Drivers/STM32H5xx_HAL_Driver/Src/stm32h5xx_hal_pwr_ex.o
                0x08001c88                HAL_PWREx_DisableUCPDDeadBattery
 .text.HAL_RCC_OscConfig
                0x08001ca8      0x870 ./Drivers/STM32H5xx_HAL_Driver/Src/stm32h5xx_hal_rcc.o
                0x08001ca8                HAL_RCC_OscConfig
 .text.HAL_RCC_ClockConfig
                0x08002518      0x370 ./Drivers/STM32H5xx_HAL_Driver/Src/stm32h5xx_hal_rcc.o
                0x08002518                HAL_RCC_ClockConfig
 .text.HAL_RCC_GetSysClockFreq
                0x08002888      0x258 ./Drivers/STM32H5xx_HAL_Driver/Src/stm32h5xx_hal_rcc.o
                0x08002888                HAL_RCC_GetSysClockFreq
 .text.HAL_RCC_GetHCLKFreq
                0x08002ae0       0x38 ./Drivers/STM32H5xx_HAL_Driver/Src/stm32h5xx_hal_rcc.o
                0x08002ae0                HAL_RCC_GetHCLKFreq
 .text.HAL_RCC_GetPCLK1Freq
                0x08002b18       0x2c ./Drivers/STM32H5xx_HAL_Driver/Src/stm32h5xx_hal_rcc.o
                0x08002b18                HAL_RCC_GetPCLK1Freq
 .text.HAL_RCC_GetPCLK2Freq
                0x08002b44       0x2c ./Drivers/STM32H5xx_HAL_Driver/Src/stm32h5xx_hal_rcc.o
                0x08002b44                HAL_RCC_GetPCLK2Freq
 .text.HAL_RCC_GetPCLK3Freq
                0x08002b70       0x2c ./Drivers/STM32H5xx_HAL_Driver/Src/stm32h5xx_hal_rcc.o
                0x08002b70                HAL_RCC_GetPCLK3Freq
 .text.HAL_RCC_GetClockConfig
                0x08002b9c       0x70 ./Drivers/STM32H5xx_HAL_Driver/Src/stm32h5xx_hal_rcc.o
                0x08002b9c                HAL_RCC_GetClockConfig
 .text.HAL_RCCEx_PeriphCLKConfig
                0x08002c0c     0x1f18 ./Drivers/STM32H5xx_HAL_Driver/Src/stm32h5xx_hal_rcc_ex.o
                0x08002c0c                HAL_RCCEx_PeriphCLKConfig
 .text.HAL_RCCEx_GetPLL1ClockFreq
                0x08004b24      0x2d8 ./Drivers/STM32H5xx_HAL_Driver/Src/stm32h5xx_hal_rcc_ex.o
                0x08004b24                HAL_RCCEx_GetPLL1ClockFreq
 .text.HAL_RCCEx_GetPLL2ClockFreq
                0x08004dfc      0x2d8 ./Drivers/STM32H5xx_HAL_Driver/Src/stm32h5xx_hal_rcc_ex.o
                0x08004dfc                HAL_RCCEx_GetPLL2ClockFreq
 .text.HAL_RCCEx_GetPLL3ClockFreq
                0x080050d4      0x2d8 ./Drivers/STM32H5xx_HAL_Driver/Src/stm32h5xx_hal_rcc_ex.o
                0x080050d4                HAL_RCCEx_GetPLL3ClockFreq
 .text.HAL_RCCEx_GetPeriphCLKFreq
                0x080053ac     0x26c0 ./Drivers/STM32H5xx_HAL_Driver/Src/stm32h5xx_hal_rcc_ex.o
                0x080053ac                HAL_RCCEx_GetPeriphCLKFreq
 .text.RCCEx_PLL2_Config
                0x08007a6c      0x130 ./Drivers/STM32H5xx_HAL_Driver/Src/stm32h5xx_hal_rcc_ex.o
 .text.RCCEx_PLL3_Config
                0x08007b9c      0x130 ./Drivers/STM32H5xx_HAL_Driver/Src/stm32h5xx_hal_rcc_ex.o
 .text.HAL_SPI_Init
                0x08007ccc      0x2e0 ./Drivers/STM32H5xx_HAL_Driver/Src/stm32h5xx_hal_spi.o
                0x08007ccc                HAL_SPI_Init
 .text.HAL_SPI_Transmit
                0x08007fac      0x470 ./Drivers/STM32H5xx_HAL_Driver/Src/stm32h5xx_hal_spi.o
                0x08007fac                HAL_SPI_Transmit
 .text.HAL_SPI_Receive
                0x0800841c      0x57c ./Drivers/STM32H5xx_HAL_Driver/Src/stm32h5xx_hal_spi.o
                0x0800841c                HAL_SPI_Receive
 .text.SPI_CloseTransfer
                0x08008998      0x140 ./Drivers/STM32H5xx_HAL_Driver/Src/stm32h5xx_hal_spi.o
 .text.SPI_WaitOnFlagUntilTimeout
                0x08008ad8       0x5c ./Drivers/STM32H5xx_HAL_Driver/Src/stm32h5xx_hal_spi.o
 .text.SPI_GetPacketSize
                0x08008b34       0x36 ./Drivers/STM32H5xx_HAL_Driver/Src/stm32h5xx_hal_spi.o
 .text.HAL_TIM_Base_Init
                0x08008b6a       0xae ./Drivers/STM32H5xx_HAL_Driver/Src/stm32h5xx_hal_tim.o
                0x08008b6a                HAL_TIM_Base_Init
 .text.HAL_TIM_Base_MspInit
                0x08008c18       0x14 ./Drivers/STM32H5xx_HAL_Driver/Src/stm32h5xx_hal_tim.o
                0x08008c18                HAL_TIM_Base_MspInit
 .text.HAL_TIM_Base_Start_IT
                0x08008c2c      0x15c ./Drivers/STM32H5xx_HAL_Driver/Src/stm32h5xx_hal_tim.o
                0x08008c2c                HAL_TIM_Base_Start_IT
 .text.HAL_TIM_IRQHandler
                0x08008d88      0x29e ./Drivers/STM32H5xx_HAL_Driver/Src/stm32h5xx_hal_tim.o
                0x08008d88                HAL_TIM_IRQHandler
 .text.HAL_TIM_OC_DelayElapsedCallback
                0x08009026       0x14 ./Drivers/STM32H5xx_HAL_Driver/Src/stm32h5xx_hal_tim.o
                0x08009026                HAL_TIM_OC_DelayElapsedCallback
 .text.HAL_TIM_IC_CaptureCallback
                0x0800903a       0x14 ./Drivers/STM32H5xx_HAL_Driver/Src/stm32h5xx_hal_tim.o
                0x0800903a                HAL_TIM_IC_CaptureCallback
 .text.HAL_TIM_PWM_PulseFinishedCallback
                0x0800904e       0x14 ./Drivers/STM32H5xx_HAL_Driver/Src/stm32h5xx_hal_tim.o
                0x0800904e                HAL_TIM_PWM_PulseFinishedCallback
 .text.HAL_TIM_TriggerCallback
                0x08009062       0x14 ./Drivers/STM32H5xx_HAL_Driver/Src/stm32h5xx_hal_tim.o
                0x08009062                HAL_TIM_TriggerCallback
 *fill*         0x08009076        0x2 
 .text.TIM_Base_SetConfig
                0x08009078      0x24c ./Drivers/STM32H5xx_HAL_Driver/Src/stm32h5xx_hal_tim.o
                0x08009078                TIM_Base_SetConfig
 .text.HAL_TIMEx_CommutCallback
                0x080092c4       0x14 ./Drivers/STM32H5xx_HAL_Driver/Src/stm32h5xx_hal_tim_ex.o
                0x080092c4                HAL_TIMEx_CommutCallback
 .text.HAL_TIMEx_BreakCallback
                0x080092d8       0x14 ./Drivers/STM32H5xx_HAL_Driver/Src/stm32h5xx_hal_tim_ex.o
                0x080092d8                HAL_TIMEx_BreakCallback
 .text.HAL_TIMEx_Break2Callback
                0x080092ec       0x14 ./Drivers/STM32H5xx_HAL_Driver/Src/stm32h5xx_hal_tim_ex.o
                0x080092ec                HAL_TIMEx_Break2Callback
 .text.HAL_TIMEx_EncoderIndexCallback
                0x08009300       0x14 ./Drivers/STM32H5xx_HAL_Driver/Src/stm32h5xx_hal_tim_ex.o
                0x08009300                HAL_TIMEx_EncoderIndexCallback
 .text.HAL_TIMEx_DirectionChangeCallback
                0x08009314       0x14 ./Drivers/STM32H5xx_HAL_Driver/Src/stm32h5xx_hal_tim_ex.o
                0x08009314                HAL_TIMEx_DirectionChangeCallback
 .text.HAL_TIMEx_IndexErrorCallback
                0x08009328       0x14 ./Drivers/STM32H5xx_HAL_Driver/Src/stm32h5xx_hal_tim_ex.o
                0x08009328                HAL_TIMEx_IndexErrorCallback
 .text.HAL_TIMEx_TransitionErrorCallback
                0x0800933c       0x14 ./Drivers/STM32H5xx_HAL_Driver/Src/stm32h5xx_hal_tim_ex.o
                0x0800933c                HAL_TIMEx_TransitionErrorCallback
 .text.HAL_UART_Init
                0x08009350       0xa0 ./Drivers/STM32H5xx_HAL_Driver/Src/stm32h5xx_hal_uart.o
                0x08009350                HAL_UART_Init
 .text.HAL_UART_Transmit
                0x080093f0      0x150 ./Drivers/STM32H5xx_HAL_Driver/Src/stm32h5xx_hal_uart.o
                0x080093f0                HAL_UART_Transmit
 .text.HAL_UART_IRQHandler
                0x08009540      0x5dc ./Drivers/STM32H5xx_HAL_Driver/Src/stm32h5xx_hal_uart.o
                0x08009540                HAL_UART_IRQHandler
 .text.HAL_UART_TxCpltCallback
                0x08009b1c       0x14 ./Drivers/STM32H5xx_HAL_Driver/Src/stm32h5xx_hal_uart.o
                0x08009b1c                HAL_UART_TxCpltCallback
 .text.HAL_UART_ErrorCallback
                0x08009b30       0x14 ./Drivers/STM32H5xx_HAL_Driver/Src/stm32h5xx_hal_uart.o
                0x08009b30                HAL_UART_ErrorCallback
 .text.HAL_UARTEx_RxEventCallback
                0x08009b44       0x18 ./Drivers/STM32H5xx_HAL_Driver/Src/stm32h5xx_hal_uart.o
                0x08009b44                HAL_UARTEx_RxEventCallback
 .text.UART_SetConfig
                0x08009b5c      0x3dc ./Drivers/STM32H5xx_HAL_Driver/Src/stm32h5xx_hal_uart.o
                0x08009b5c                UART_SetConfig
 .text.UART_AdvFeatureConfig
                0x08009f38      0x144 ./Drivers/STM32H5xx_HAL_Driver/Src/stm32h5xx_hal_uart.o
                0x08009f38                UART_AdvFeatureConfig
 .text.UART_CheckIdleState
                0x0800a07c      0x154 ./Drivers/STM32H5xx_HAL_Driver/Src/stm32h5xx_hal_uart.o
                0x0800a07c                UART_CheckIdleState
 .text.UART_WaitOnFlagUntilTimeout
                0x0800a1d0       0xda ./Drivers/STM32H5xx_HAL_Driver/Src/stm32h5xx_hal_uart.o
                0x0800a1d0                UART_WaitOnFlagUntilTimeout
 .text.UART_EndRxTransfer
                0x0800a2aa       0xcc ./Drivers/STM32H5xx_HAL_Driver/Src/stm32h5xx_hal_uart.o
 .text.UART_DMAAbortOnError
                0x0800a376       0x1c ./Drivers/STM32H5xx_HAL_Driver/Src/stm32h5xx_hal_uart.o
 .text.UART_EndTransmit_IT
                0x0800a392       0x56 ./Drivers/STM32H5xx_HAL_Driver/Src/stm32h5xx_hal_uart.o
 .text.HAL_UARTEx_WakeupCallback
                0x0800a3e8       0x14 ./Drivers/STM32H5xx_HAL_Driver/Src/stm32h5xx_hal_uart_ex.o
                0x0800a3e8                HAL_UARTEx_WakeupCallback
 .text.HAL_UARTEx_RxFifoFullCallback
                0x0800a3fc       0x14 ./Drivers/STM32H5xx_HAL_Driver/Src/stm32h5xx_hal_uart_ex.o
                0x0800a3fc                HAL_UARTEx_RxFifoFullCallback
 .text.HAL_UARTEx_TxFifoEmptyCallback
                0x0800a410       0x14 ./Drivers/STM32H5xx_HAL_Driver/Src/stm32h5xx_hal_uart_ex.o
                0x0800a410                HAL_UARTEx_TxFifoEmptyCallback
 .text.HAL_UARTEx_DisableFifoMode
                0x0800a424       0x72 ./Drivers/STM32H5xx_HAL_Driver/Src/stm32h5xx_hal_uart_ex.o
                0x0800a424                HAL_UARTEx_DisableFifoMode
 .text.HAL_UARTEx_SetTxFifoThreshold
                0x0800a496       0x7c ./Drivers/STM32H5xx_HAL_Driver/Src/stm32h5xx_hal_uart_ex.o
                0x0800a496                HAL_UARTEx_SetTxFifoThreshold
 .text.HAL_UARTEx_SetRxFifoThreshold
                0x0800a512       0x7c ./Drivers/STM32H5xx_HAL_Driver/Src/stm32h5xx_hal_uart_ex.o
                0x0800a512                HAL_UARTEx_SetRxFifoThreshold
 *fill*         0x0800a58e        0x2 
 .text.UARTEx_SetNbDataToProcess
                0x0800a590       0x9c ./Drivers/STM32H5xx_HAL_Driver/Src/stm32h5xx_hal_uart_ex.o
 .text.SysTick_Handler
                0x0800a62c       0x20 ./Middlewares/Third_Party/FreeRTOS/Source/CMSIS_RTOS_V2/cmsis_os2.o
                0x0800a62c                SysTick_Handler
 .text.IRQ_Context
                0x0800a64c       0x4e ./Middlewares/Third_Party/FreeRTOS/Source/CMSIS_RTOS_V2/cmsis_os2.o
 *fill*         0x0800a69a        0x2 
 .text.osKernelInitialize
                0x0800a69c       0x4c ./Middlewares/Third_Party/FreeRTOS/Source/CMSIS_RTOS_V2/cmsis_os2.o
                0x0800a69c                osKernelInitialize
 .text.osKernelStart
                0x0800a6e8       0x50 ./Middlewares/Third_Party/FreeRTOS/Source/CMSIS_RTOS_V2/cmsis_os2.o
                0x0800a6e8                osKernelStart
 .text.osThreadNew
                0x0800a738      0x124 ./Middlewares/Third_Party/FreeRTOS/Source/CMSIS_RTOS_V2/cmsis_os2.o
                0x0800a738                osThreadNew
 .text.osDelay  0x0800a85c       0x34 ./Middlewares/Third_Party/FreeRTOS/Source/CMSIS_RTOS_V2/cmsis_os2.o
                0x0800a85c                osDelay
 .text.osSemaphoreNew
                0x0800a890      0x110 ./Middlewares/Third_Party/FreeRTOS/Source/CMSIS_RTOS_V2/cmsis_os2.o
                0x0800a890                osSemaphoreNew
 .text.osSemaphoreAcquire
                0x0800a9a0       0x98 ./Middlewares/Third_Party/FreeRTOS/Source/CMSIS_RTOS_V2/cmsis_os2.o
                0x0800a9a0                osSemaphoreAcquire
 .text.osMessageQueueNew
                0x0800aa38       0xe4 ./Middlewares/Third_Party/FreeRTOS/Source/CMSIS_RTOS_V2/cmsis_os2.o
                0x0800aa38                osMessageQueueNew
 .text.osMessageQueuePut
                0x0800ab1c       0xb4 ./Middlewares/Third_Party/FreeRTOS/Source/CMSIS_RTOS_V2/cmsis_os2.o
                0x0800ab1c                osMessageQueuePut
 .text.osMessageQueueGet
                0x0800abd0       0xb0 ./Middlewares/Third_Party/FreeRTOS/Source/CMSIS_RTOS_V2/cmsis_os2.o
                0x0800abd0                osMessageQueueGet
 .text.vListInitialise
                0x0800ac80       0x40 ./Middlewares/Third_Party/FreeRTOS/Source/list.o
                0x0800ac80                vListInitialise
 .text.vListInitialiseItem
                0x0800acc0       0x1a ./Middlewares/Third_Party/FreeRTOS/Source/list.o
                0x0800acc0                vListInitialiseItem
 .text.vListInsert
                0x0800acda       0x72 ./Middlewares/Third_Party/FreeRTOS/Source/list.o
                0x0800acda                vListInsert
 .text.uxListRemove
                0x0800ad4c       0x54 ./Middlewares/Third_Party/FreeRTOS/Source/list.o
                0x0800ad4c                uxListRemove
 .text.xQueueGenericReset
                0x0800ada0       0xf2 ./Middlewares/Third_Party/FreeRTOS/Source/queue.o
                0x0800ada0                xQueueGenericReset
 .text.xQueueGenericCreateStatic
                0x0800ae92       0x92 ./Middlewares/Third_Party/FreeRTOS/Source/queue.o
                0x0800ae92                xQueueGenericCreateStatic
 .text.xQueueGenericCreate
                0x0800af24       0x96 ./Middlewares/Third_Party/FreeRTOS/Source/queue.o
                0x0800af24                xQueueGenericCreate
 .text.prvInitialiseNewQueue
                0x0800afba       0x46 ./Middlewares/Third_Party/FreeRTOS/Source/queue.o
 .text.xQueueCreateCountingSemaphoreStatic
                0x0800b000       0x56 ./Middlewares/Third_Party/FreeRTOS/Source/queue.o
                0x0800b000                xQueueCreateCountingSemaphoreStatic
 .text.xQueueCreateCountingSemaphore
                0x0800b056       0x4e ./Middlewares/Third_Party/FreeRTOS/Source/queue.o
                0x0800b056                xQueueCreateCountingSemaphore
 .text.xQueueGenericSend
                0x0800b0a4      0x19a ./Middlewares/Third_Party/FreeRTOS/Source/queue.o
                0x0800b0a4                xQueueGenericSend
 .text.xQueueGenericSendFromISR
                0x0800b23e      0x10c ./Middlewares/Third_Party/FreeRTOS/Source/queue.o
                0x0800b23e                xQueueGenericSendFromISR
 .text.xQueueReceive
                0x0800b34a      0x178 ./Middlewares/Third_Party/FreeRTOS/Source/queue.o
                0x0800b34a                xQueueReceive
 .text.xQueueSemaphoreTake
                0x0800b4c2      0x1b4 ./Middlewares/Third_Party/FreeRTOS/Source/queue.o
                0x0800b4c2                xQueueSemaphoreTake
 .text.xQueueReceiveFromISR
                0x0800b676       0xe4 ./Middlewares/Third_Party/FreeRTOS/Source/queue.o
                0x0800b676                xQueueReceiveFromISR
 .text.vQueueDelete
                0x0800b75a       0x38 ./Middlewares/Third_Party/FreeRTOS/Source/queue.o
                0x0800b75a                vQueueDelete
 .text.prvGetHighestPriorityOfWaitToReceiveList
                0x0800b792       0x30 ./Middlewares/Third_Party/FreeRTOS/Source/queue.o
 .text.prvCopyDataToQueue
                0x0800b7c2       0xd4 ./Middlewares/Third_Party/FreeRTOS/Source/queue.o
 .text.prvCopyDataFromQueue
                0x0800b896       0x4c ./Middlewares/Third_Party/FreeRTOS/Source/queue.o
 .text.prvUnlockQueue
                0x0800b8e2       0xa4 ./Middlewares/Third_Party/FreeRTOS/Source/queue.o
 .text.prvIsQueueEmpty
                0x0800b986       0x2c ./Middlewares/Third_Party/FreeRTOS/Source/queue.o
 .text.prvIsQueueFull
                0x0800b9b2       0x30 ./Middlewares/Third_Party/FreeRTOS/Source/queue.o
 *fill*         0x0800b9e2        0x2 
 .text.vQueueAddToRegistry
                0x0800b9e4       0x8c ./Middlewares/Third_Party/FreeRTOS/Source/queue.o
                0x0800b9e4                vQueueAddToRegistry
 .text.vQueueUnregisterQueue
                0x0800ba70       0x60 ./Middlewares/Third_Party/FreeRTOS/Source/queue.o
                0x0800ba70                vQueueUnregisterQueue
 .text.vQueueWaitForMessageRestricted
                0x0800bad0       0x68 ./Middlewares/Third_Party/FreeRTOS/Source/queue.o
                0x0800bad0                vQueueWaitForMessageRestricted
 .text.prvCreateStaticTask
                0x0800bb38       0x92 ./Middlewares/Third_Party/FreeRTOS/Source/tasks.o
 .text.xTaskCreateStatic
                0x0800bbca       0x48 ./Middlewares/Third_Party/FreeRTOS/Source/tasks.o
                0x0800bbca                xTaskCreateStatic
 .text.prvCreateTask
                0x0800bc12       0x80 ./Middlewares/Third_Party/FreeRTOS/Source/tasks.o
 .text.xTaskCreate
                0x0800bc92       0x46 ./Middlewares/Third_Party/FreeRTOS/Source/tasks.o
                0x0800bc92                xTaskCreate
 .text.prvInitialiseNewTask
                0x0800bcd8      0x104 ./Middlewares/Third_Party/FreeRTOS/Source/tasks.o
 .text.prvAddNewTaskToReadyList
                0x0800bddc      0x124 ./Middlewares/Third_Party/FreeRTOS/Source/tasks.o
 .text.vTaskDelay
                0x0800bf00       0x4c ./Middlewares/Third_Party/FreeRTOS/Source/tasks.o
                0x0800bf00                vTaskDelay
 .text.prvCreateIdleTasks
                0x0800bf4c       0xec ./Middlewares/Third_Party/FreeRTOS/Source/tasks.o
 .text.vTaskStartScheduler
                0x0800c038       0x68 ./Middlewares/Third_Party/FreeRTOS/Source/tasks.o
                0x0800c038                vTaskStartScheduler
 .text.vTaskSuspendAll
                0x0800c0a0       0x1c ./Middlewares/Third_Party/FreeRTOS/Source/tasks.o
                0x0800c0a0                vTaskSuspendAll
 .text.xTaskResumeAll
                0x0800c0bc      0x1f4 ./Middlewares/Third_Party/FreeRTOS/Source/tasks.o
                0x0800c0bc                xTaskResumeAll
 .text.xTaskGetTickCount
                0x0800c2b0       0x20 ./Middlewares/Third_Party/FreeRTOS/Source/tasks.o
                0x0800c2b0                xTaskGetTickCount
 .text.uxTaskGetNumberOfTasks
                0x0800c2d0       0x18 ./Middlewares/Third_Party/FreeRTOS/Source/tasks.o
                0x0800c2d0                uxTaskGetNumberOfTasks
 .text.xTaskIncrementTick
                0x0800c2e8      0x224 ./Middlewares/Third_Party/FreeRTOS/Source/tasks.o
                0x0800c2e8                xTaskIncrementTick
 .text.vTaskSwitchContext
                0x0800c50c       0xac ./Middlewares/Third_Party/FreeRTOS/Source/tasks.o
                0x0800c50c                vTaskSwitchContext
 .text.vTaskPlaceOnEventList
                0x0800c5b8       0x3c ./Middlewares/Third_Party/FreeRTOS/Source/tasks.o
                0x0800c5b8                vTaskPlaceOnEventList
 .text.vTaskPlaceOnEventListRestricted
                0x0800c5f4       0x7c ./Middlewares/Third_Party/FreeRTOS/Source/tasks.o
                0x0800c5f4                vTaskPlaceOnEventListRestricted
 .text.xTaskRemoveFromEventList
                0x0800c670      0x1a0 ./Middlewares/Third_Party/FreeRTOS/Source/tasks.o
                0x0800c670                xTaskRemoveFromEventList
 .text.vTaskInternalSetTimeOutState
                0x0800c810       0x2c ./Middlewares/Third_Party/FreeRTOS/Source/tasks.o
                0x0800c810                vTaskInternalSetTimeOutState
 .text.xTaskCheckForTimeOut
                0x0800c83c       0xd0 ./Middlewares/Third_Party/FreeRTOS/Source/tasks.o
                0x0800c83c                xTaskCheckForTimeOut
 .text.vTaskMissedYield
                0x0800c90c       0x18 ./Middlewares/Third_Party/FreeRTOS/Source/tasks.o
                0x0800c90c                vTaskMissedYield
 .text.prvIdleTask
                0x0800c924       0x20 ./Middlewares/Third_Party/FreeRTOS/Source/tasks.o
 .text.prvInitialiseTaskLists
                0x0800c944       0x80 ./Middlewares/Third_Party/FreeRTOS/Source/tasks.o
 .text.prvCheckTasksWaitingTermination
                0x0800c9c4       0x5c ./Middlewares/Third_Party/FreeRTOS/Source/tasks.o
 .text.prvDeleteTCB
                0x0800ca20       0x50 ./Middlewares/Third_Party/FreeRTOS/Source/tasks.o
 .text.prvResetNextTaskUnblockTime
                0x0800ca70       0x38 ./Middlewares/Third_Party/FreeRTOS/Source/tasks.o
 .text.xTaskGetSchedulerState
                0x0800caa8       0x3c ./Middlewares/Third_Party/FreeRTOS/Source/tasks.o
                0x0800caa8                xTaskGetSchedulerState
 .text.xTaskPriorityInherit
                0x0800cae4      0x124 ./Middlewares/Third_Party/FreeRTOS/Source/tasks.o
                0x0800cae4                xTaskPriorityInherit
 .text.xTaskPriorityDisinherit
                0x0800cc08      0x114 ./Middlewares/Third_Party/FreeRTOS/Source/tasks.o
                0x0800cc08                xTaskPriorityDisinherit
 .text.vTaskPriorityDisinheritAfterTimeout
                0x0800cd1c      0x13c ./Middlewares/Third_Party/FreeRTOS/Source/tasks.o
                0x0800cd1c                vTaskPriorityDisinheritAfterTimeout
 .text.pvTaskIncrementMutexHeldCount
                0x0800ce58       0x30 ./Middlewares/Third_Party/FreeRTOS/Source/tasks.o
                0x0800ce58                pvTaskIncrementMutexHeldCount
 .text.prvAddCurrentTaskToDelayedList
                0x0800ce88       0xec ./Middlewares/Third_Party/FreeRTOS/Source/tasks.o
 .text.vApplicationGetIdleTaskMemory
                0x0800cf74       0x34 ./Middlewares/Third_Party/FreeRTOS/Source/tasks.o
                0x0800cf74                vApplicationGetIdleTaskMemory
 .text.vApplicationGetTimerTaskMemory
                0x0800cfa8       0x34 ./Middlewares/Third_Party/FreeRTOS/Source/tasks.o
                0x0800cfa8                vApplicationGetTimerTaskMemory
 .text.xTimerCreateTimerTask
                0x0800cfdc       0x80 ./Middlewares/Third_Party/FreeRTOS/Source/timers.o
                0x0800cfdc                xTimerCreateTimerTask
 .text.prvReloadTimer
                0x0800d05c       0x42 ./Middlewares/Third_Party/FreeRTOS/Source/timers.o
 *fill*         0x0800d09e        0x2 
 .text.prvProcessExpiredTimer
                0x0800d0a0       0x60 ./Middlewares/Third_Party/FreeRTOS/Source/timers.o
 .text.prvTimerTask
                0x0800d100       0x26 ./Middlewares/Third_Party/FreeRTOS/Source/timers.o
 *fill*         0x0800d126        0x2 
 .text.prvProcessTimerOrBlockTask
                0x0800d128       0x8c ./Middlewares/Third_Party/FreeRTOS/Source/timers.o
 .text.prvGetNextExpireTime
                0x0800d1b4       0x48 ./Middlewares/Third_Party/FreeRTOS/Source/timers.o
 .text.prvSampleTimeNow
                0x0800d1fc       0x40 ./Middlewares/Third_Party/FreeRTOS/Source/timers.o
 .text.prvInsertTimerInActiveList
                0x0800d23c       0x84 ./Middlewares/Third_Party/FreeRTOS/Source/timers.o
 .text.prvProcessReceivedCommands
                0x0800d2c0      0x1b0 ./Middlewares/Third_Party/FreeRTOS/Source/timers.o
 .text.prvSwitchTimerLists
                0x0800d470       0x4c ./Middlewares/Third_Party/FreeRTOS/Source/timers.o
 .text.prvCheckForValidListAndQueue
                0x0800d4bc       0x80 ./Middlewares/Third_Party/FreeRTOS/Source/timers.o
 .text.vPortSetupTimerInterrupt
                0x0800d53c       0x48 ./Middlewares/Third_Party/FreeRTOS/Source/portable/GCC/ARM_CM33_NTZ/non_secure/port.o
                0x0800d53c                vPortSetupTimerInterrupt
 .text.prvTaskExitError
                0x0800d584       0x38 ./Middlewares/Third_Party/FreeRTOS/Source/portable/GCC/ARM_CM33_NTZ/non_secure/port.o
 .text.vPortYield
                0x0800d5bc       0x24 ./Middlewares/Third_Party/FreeRTOS/Source/portable/GCC/ARM_CM33_NTZ/non_secure/port.o
                0x0800d5bc                vPortYield
 .text.vPortEnterCritical
                0x0800d5e0       0x24 ./Middlewares/Third_Party/FreeRTOS/Source/portable/GCC/ARM_CM33_NTZ/non_secure/port.o
                0x0800d5e0                vPortEnterCritical
 .text.vPortExitCritical
                0x0800d604       0x34 ./Middlewares/Third_Party/FreeRTOS/Source/portable/GCC/ARM_CM33_NTZ/non_secure/port.o
                0x0800d604                vPortExitCritical
 .text.xPortSysTickHandler
                0x0800d638       0x30 ./Middlewares/Third_Party/FreeRTOS/Source/portable/GCC/ARM_CM33_NTZ/non_secure/port.o
                0x0800d638                xPortSysTickHandler
 .text.vPortSVCHandler_C
                0x0800d668       0x32 ./Middlewares/Third_Party/FreeRTOS/Source/portable/GCC/ARM_CM33_NTZ/non_secure/port.o
                0x0800d668                vPortSVCHandler_C
 *fill*         0x0800d69a        0x2 
 .text.pxPortInitialiseStack
                0x0800d69c      0x114 ./Middlewares/Third_Party/FreeRTOS/Source/portable/GCC/ARM_CM33_NTZ/non_secure/port.o
                0x0800d69c                pxPortInitialiseStack
 .text.xPortStartScheduler
                0x0800d7b0      0x12c ./Middlewares/Third_Party/FreeRTOS/Source/portable/GCC/ARM_CM33_NTZ/non_secure/port.o
                0x0800d7b0                xPortStartScheduler
 .text.vPortValidateInterruptPriority
                0x0800d8dc       0x60 ./Middlewares/Third_Party/FreeRTOS/Source/portable/GCC/ARM_CM33_NTZ/non_secure/port.o
                0x0800d8dc                vPortValidateInterruptPriority
 .text.vRestoreContextOfFirstTask
                0x0800d93c       0x34 ./Middlewares/Third_Party/FreeRTOS/Source/portable/GCC/ARM_CM33_NTZ/non_secure/portasm.o
                0x0800d93c                vRestoreContextOfFirstTask
 .text.vStartFirstTask
                0x0800d970       0x20 ./Middlewares/Third_Party/FreeRTOS/Source/portable/GCC/ARM_CM33_NTZ/non_secure/portasm.o
                0x0800d970                vStartFirstTask
 .text.ulSetInterruptMask
                0x0800d990       0x1a ./Middlewares/Third_Party/FreeRTOS/Source/portable/GCC/ARM_CM33_NTZ/non_secure/portasm.o
                0x0800d990                ulSetInterruptMask
 .text.vClearInterruptMask
                0x0800d9aa       0x10 ./Middlewares/Third_Party/FreeRTOS/Source/portable/GCC/ARM_CM33_NTZ/non_secure/portasm.o
                0x0800d9aa                vClearInterruptMask
 *fill*         0x0800d9ba        0x2 
 .text.PendSV_Handler
                0x0800d9bc       0x4c ./Middlewares/Third_Party/FreeRTOS/Source/portable/GCC/ARM_CM33_NTZ/non_secure/portasm.o
                0x0800d9bc                PendSV_Handler
 .text.SVC_Handler
                0x0800da08       0x18 ./Middlewares/Third_Party/FreeRTOS/Source/portable/GCC/ARM_CM33_NTZ/non_secure/portasm.o
                0x0800da08                SVC_Handler
 .text.pvPortMalloc
                0x0800da20       0xa8 ./Middlewares/Third_Party/FreeRTOS/Source/portable/MemMang/heap_1.o
                0x0800da20                pvPortMalloc
 .text.vPortFree
                0x0800dac8       0x1e ./Middlewares/Third_Party/FreeRTOS/Source/portable/MemMang/heap_1.o
                0x0800dac8                vPortFree
 *fill*         0x0800dae6        0x2 
 .text.A7677_PowerOn
                0x0800dae8       0x30 ./User/Drivers/a7677.o
                0x0800dae8                A7677_PowerOn
 .text.A7677_Send_AT
                0x0800db18       0x2c ./User/Drivers/a7677.o
                0x0800db18                A7677_Send_AT
 .text.A7677_SendSMS
                0x0800db44       0x60 ./User/Drivers/a7677.o
                0x0800db44                A7677_SendSMS
 .text.SX1278_ReadRegister
                0x0800dba4       0x64 ./User/Drivers/sx1278.o
                0x0800dba4                SX1278_ReadRegister
 .text.SX1278_WriteRegister
                0x0800dc08       0x58 ./User/Drivers/sx1278.o
                0x0800dc08                SX1278_WriteRegister
 .text.SX1278_Begin
                0x0800dc60       0x8c ./User/Drivers/sx1278.o
                0x0800dc60                SX1278_Begin
 .text.SX1278_SetFrequency
                0x0800dcec       0x60 ./User/Drivers/sx1278.o
                0x0800dcec                SX1278_SetFrequency
 .text.SX1278_Sleep
                0x0800dd4c       0x10 ./User/Drivers/sx1278.o
                0x0800dd4c                SX1278_Sleep
 .text.SX1278_Idle
                0x0800dd5c       0x10 ./User/Drivers/sx1278.o
                0x0800dd5c                SX1278_Idle
 .text.SX1278_SetTxPower
                0x0800dd6c       0x5c ./User/Drivers/sx1278.o
                0x0800dd6c                SX1278_SetTxPower
 .text.SX1278_SetSpreadingFactor
                0x0800ddc8       0x80 ./User/Drivers/sx1278.o
                0x0800ddc8                SX1278_SetSpreadingFactor
 .text.SX1278_SetSignalBandwidth
                0x0800de48       0xd0 ./User/Drivers/sx1278.o
                0x0800de48                SX1278_SetSignalBandwidth
 .text.SX1278_SetCodingRate4
                0x0800df18       0x3c ./User/Drivers/sx1278.o
                0x0800df18                SX1278_SetCodingRate4
 .text.SX1278_SetPreambleLength
                0x0800df54       0x2a ./User/Drivers/sx1278.o
                0x0800df54                SX1278_SetPreambleLength
 .text.SX1278_SetSyncWord
                0x0800df7e       0x1c ./User/Drivers/sx1278.o
                0x0800df7e                SX1278_SetSyncWord
 .text.SX1278_Receive
                0x0800df9a       0x32 ./User/Drivers/sx1278.o
                0x0800df9a                SX1278_Receive
 .text.SX1278_ParsePacket
                0x0800dfcc       0x5e ./User/Drivers/sx1278.o
                0x0800dfcc                SX1278_ParsePacket
 .text.SX1278_ReadBuffer
                0x0800e02a       0x38 ./User/Drivers/sx1278.o
                0x0800e02a                SX1278_ReadBuffer
 *fill*         0x0800e062        0x2 
 .text.SX1278_Init
                0x0800e064       0x3c ./User/Drivers/sx1278.o
                0x0800e064                SX1278_Init
 .text.sprintf  0x0800e0a0       0x44 /opt/st/stm32cubeide_2.1.1/plugins/com.st.stm32cube.ide.mcu.externaltools.gnu-tools-for-stm32.14.3.rel1.linux64_1.0.100.202602081740/tools/bin/../lib/gcc/arm-none-eabi/14.3.1/../../../../arm-none-eabi/lib/thumb/v8-m.main+fp/hard/libc_nano.a(libc_a-sprintf.o)
                0x0800e0a0                sprintf
                0x0800e0a0                siprintf
 .text.memset   0x0800e0e4       0x10 /opt/st/stm32cubeide_2.1.1/plugins/com.st.stm32cube.ide.mcu.externaltools.gnu-tools-for-stm32.14.3.rel1.linux64_1.0.100.202602081740/tools/bin/../lib/gcc/arm-none-eabi/14.3.1/../../../../arm-none-eabi/lib/thumb/v8-m.main+fp/hard/libc_nano.a(libc_a-memset.o)
                0x0800e0e4                memset
 .text.__errno  0x0800e0f4        0xc /opt/st/stm32cubeide_2.1.1/plugins/com.st.stm32cube.ide.mcu.externaltools.gnu-tools-for-stm32.14.3.rel1.linux64_1.0.100.202602081740/tools/bin/../lib/gcc/arm-none-eabi/14.3.1/../../../../arm-none-eabi/lib/thumb/v8-m.main+fp/hard/libc_nano.a(libc_a-errno.o)
                0x0800e0f4                __errno
 .text.__libc_init_array
                0x0800e100       0x48 /opt/st/stm32cubeide_2.1.1/plugins/com.st.stm32cube.ide.mcu.externaltools.gnu-tools-for-stm32.14.3.rel1.linux64_1.0.100.202602081740/tools/bin/../lib/gcc/arm-none-eabi/14.3.1/../../../../arm-none-eabi/lib/thumb/v8-m.main+fp/hard/libc_nano.a(libc_a-init.o)
                0x0800e100                __libc_init_array
 .text.__retarget_lock_acquire_recursive
                0x0800e148        0x2 /opt/st/stm32cubeide_2.1.1/plugins/com.st.stm32cube.ide.mcu.externaltools.gnu-tools-for-stm32.14.3.rel1.linux64_1.0.100.202602081740/tools/bin/../lib/gcc/arm-none-eabi/14.3.1/../../../../arm-none-eabi/lib/thumb/v8-m.main+fp/hard/libc_nano.a(libc_a-lock.o)
                0x0800e148                __retarget_lock_acquire_recursive
 .text.__retarget_lock_release_recursive
                0x0800e14a        0x2 /opt/st/stm32cubeide_2.1.1/plugins/com.st.stm32cube.ide.mcu.externaltools.gnu-tools-for-stm32.14.3.rel1.linux64_1.0.100.202602081740/tools/bin/../lib/gcc/arm-none-eabi/14.3.1/../../../../arm-none-eabi/lib/thumb/v8-m.main+fp/hard/libc_nano.a(libc_a-lock.o)
                0x0800e14a                __retarget_lock_release_recursive
 .text.memcpy   0x0800e14c       0x1a /opt/st/stm32cubeide_2.1.1/plugins/com.st.stm32cube.ide.mcu.externaltools.gnu-tools-for-stm32.14.3.rel1.linux64_1.0.100.202602081740/tools/bin/../lib/gcc/arm-none-eabi/14.3.1/../../../../arm-none-eabi/lib/thumb/v8-m.main+fp/hard/libc_nano.a(libc_a-memcpy-stub.o)
                0x0800e14c                memcpy
 *fill*         0x0800e166        0x2 
 .text._free_r  0x0800e168       0x94 /opt/st/stm32cubeide_2.1.1/plugins/com.st.stm32cube.ide.mcu.externaltools.gnu-tools-for-stm32.14.3.rel1.linux64_1.0.100.202602081740/tools/bin/../lib/gcc/arm-none-eabi/14.3.1/../../../../arm-none-eabi/lib/thumb/v8-m.main+fp/hard/libc_nano.a(libc_a-freer.o)
                0x0800e168                _free_r
 .text.sbrk_aligned
                0x0800e1fc       0x44 /opt/st/stm32cubeide_2.1.1/plugins/com.st.stm32cube.ide.mcu.externaltools.gnu-tools-for-stm32.14.3.rel1.linux64_1.0.100.202602081740/tools/bin/../lib/gcc/arm-none-eabi/14.3.1/../../../../arm-none-eabi/lib/thumb/v8-m.main+fp/hard/libc_nano.a(libc_a-mallocr.o)
 .text._malloc_r
                0x0800e240      0x100 /opt/st/stm32cubeide_2.1.1/plugins/com.st.stm32cube.ide.mcu.externaltools.gnu-tools-for-stm32.14.3.rel1.linux64_1.0.100.202602081740/tools/bin/../lib/gcc/arm-none-eabi/14.3.1/../../../../arm-none-eabi/lib/thumb/v8-m.main+fp/hard/libc_nano.a(libc_a-mallocr.o)
                0x0800e240                _malloc_r
 .text.__malloc_lock
                0x0800e340        0xc /opt/st/stm32cubeide_2.1.1/plugins/com.st.stm32cube.ide.mcu.externaltools.gnu-tools-for-stm32.14.3.rel1.linux64_1.0.100.202602081740/tools/bin/../lib/gcc/arm-none-eabi/14.3.1/../../../../arm-none-eabi/lib/thumb/v8-m.main+fp/hard/libc_nano.a(libc_a-mlock.o)
                0x0800e340                __malloc_lock
 .text.__malloc_unlock
                0x0800e34c        0xc /opt/st/stm32cubeide_2.1.1/plugins/com.st.stm32cube.ide.mcu.externaltools.gnu-tools-for-stm32.14.3.rel1.linux64_1.0.100.202602081740/tools/bin/../lib/gcc/arm-none-eabi/14.3.1/../../../../arm-none-eabi/lib/thumb/v8-m.main+fp/hard/libc_nano.a(libc_a-mlock.o)
                0x0800e34c                __malloc_unlock
 .text.__ssputs_r
                0x0800e358       0xc0 /opt/st/stm32cubeide_2.1.1/plugins/com.st.stm32cube.ide.mcu.externaltools.gnu-tools-for-stm32.14.3.rel1.linux64_1.0.100.202602081740/tools/bin/../lib/gcc/arm-none-eabi/14.3.1/../../../../arm-none-eabi/lib/thumb/v8-m.main+fp/hard/libc_nano.a(libc_a-nano-svfprintf.o)
                0x0800e358                __ssputs_r
 .text._svfprintf_r
                0x0800e418      0x1f0 /opt/st/stm32cubeide_2.1.1/plugins/com.st.stm32cube.ide.mcu.externaltools.gnu-tools-for-stm32.14.3.rel1.linux64_1.0.100.202602081740/tools/bin/../lib/gcc/arm-none-eabi/14.3.1/../../../../arm-none-eabi/lib/thumb/v8-m.main+fp/hard/libc_nano.a(libc_a-nano-svfprintf.o)
                0x0800e418                _svfprintf_r
                0x0800e418                _svfiprintf_r
 .text._printf_common
                0x0800e608       0xe4 /opt/st/stm32cubeide_2.1.1/plugins/com.st.stm32cube.ide.mcu.externaltools.gnu-tools-for-stm32.14.3.rel1.linux64_1.0.100.202602081740/tools/bin/../lib/gcc/arm-none-eabi/14.3.1/../../../../arm-none-eabi/lib/thumb/v8-m.main+fp/hard/libc_nano.a(libc_a-nano-vfprintf_i.o)
                0x0800e608                _printf_common
 .text._printf_i
                0x0800e6ec      0x24c /opt/st/stm32cubeide_2.1.1/plugins/com.st.stm32cube.ide.mcu.externaltools.gnu-tools-for-stm32.14.3.rel1.linux64_1.0.100.202602081740/tools/bin/../lib/gcc/arm-none-eabi/14.3.1/../../../../arm-none-eabi/lib/thumb/v8-m.main+fp/hard/libc_nano.a(libc_a-nano-vfprintf_i.o)
                0x0800e6ec                _printf_i
 .text.memmove  0x0800e938       0x32 /opt/st/stm32cubeide_2.1.1/plugins/com.st.stm32cube.ide.mcu.externaltools.gnu-tools-for-stm32.14.3.rel1.linux64_1.0.100.202602081740/tools/bin/../lib/gcc/arm-none-eabi/14.3.1/../../../../arm-none-eabi/lib/thumb/v8-m.main+fp/hard/libc_nano.a(libc_a-memmove.o)
                0x0800e938                memmove
 *fill*         0x0800e96a        0x2 
 .text._sbrk_r  0x0800e96c       0x20 /opt/st/stm32cubeide_2.1.1/plugins/com.st.stm32cube.ide.mcu.externaltools.gnu-tools-for-stm32.14.3.rel1.linux64_1.0.100.202602081740/tools/bin/../lib/gcc/arm-none-eabi/14.3.1/../../../../arm-none-eabi/lib/thumb/v8-m.main+fp/hard/libc_nano.a(libc_a-sbrkr.o)
                0x0800e96c                _sbrk_r
 .text.memchr   0x0800e98c       0x1c /opt/st/stm32cubeide_2.1.1/plugins/com.st.stm32cube.ide.mcu.externaltools.gnu-tools-for-stm32.14.3.rel1.linux64_1.0.100.202602081740/tools/bin/../lib/gcc/arm-none-eabi/14.3.1/../../../../arm-none-eabi/lib/thumb/v8-m.main+fp/hard/libc_nano.a(libc_a-memchr-stub.o)
                0x0800e98c                memchr
 .text._realloc_r
                0x0800e9a8       0x5c /opt/st/stm32cubeide_2.1.1/plugins/com.st.stm32cube.ide.mcu.externaltools.gnu-tools-for-stm32.14.3.rel1.linux64_1.0.100.202602081740/tools/bin/../lib/gcc/arm-none-eabi/14.3.1/../../../../arm-none-eabi/lib/thumb/v8-m.main+fp/hard/libc_nano.a(libc_a-reallocr.o)
                0x0800e9a8                _realloc_r
 .text._malloc_usable_size_r
                0x0800ea04       0x10 /opt/st/stm32cubeide_2.1.1/plugins/com.st.stm32cube.ide.mcu.externaltools.gnu-tools-for-stm32.14.3.rel1.linux64_1.0.100.202602081740/tools/bin/../lib/gcc/arm-none-eabi/14.3.1/../../../../arm-none-eabi/lib/thumb/v8-m.main+fp/hard/libc_nano.a(libc_a-msizer.o)
                0x0800ea04                _malloc_usable_size_r
 *(.glue_7)
 .glue_7        0x0800ea14        0x0 linker stubs
 *(.glue_7t)
 .glue_7t       0x0800ea14        0x0 linker stubs
 *(.eh_frame)
 .eh_frame      0x0800ea14        0x0 /opt/st/stm32cubeide_2.1.1/plugins/com.st.stm32cube.ide.mcu.externaltools.gnu-tools-for-stm32.14.3.rel1.linux64_1.0.100.202602081740/tools/bin/../lib/gcc/arm-none-eabi/14.3.1/thumb/v8-m.main+fp/hard/crtbegin.o
 *(.init)
 .init          0x0800ea14        0x4 /opt/st/stm32cubeide_2.1.1/plugins/com.st.stm32cube.ide.mcu.externaltools.gnu-tools-for-stm32.14.3.rel1.linux64_1.0.100.202602081740/tools/bin/../lib/gcc/arm-none-eabi/14.3.1/thumb/v8-m.main+fp/hard/crti.o
                0x0800ea14                _init
 .init          0x0800ea18        0x8 /opt/st/stm32cubeide_2.1.1/plugins/com.st.stm32cube.ide.mcu.externaltools.gnu-tools-for-stm32.14.3.rel1.linux64_1.0.100.202602081740/tools/bin/../lib/gcc/arm-none-eabi/14.3.1/thumb/v8-m.main+fp/hard/crtn.o
 *(.fini)
 .fini          0x0800ea20        0x4 /opt/st/stm32cubeide_2.1.1/plugins/com.st.stm32cube.ide.mcu.externaltools.gnu-tools-for-stm32.14.3.rel1.linux64_1.0.100.202602081740/tools/bin/../lib/gcc/arm-none-eabi/14.3.1/thumb/v8-m.main+fp/hard/crti.o
                0x0800ea20                _fini
 .fini          0x0800ea24        0x8 /opt/st/stm32cubeide_2.1.1/plugins/com.st.stm32cube.ide.mcu.externaltools.gnu-tools-for-stm32.14.3.rel1.linux64_1.0.100.202602081740/tools/bin/../lib/gcc/arm-none-eabi/14.3.1/thumb/v8-m.main+fp/hard/crtn.o
                0x0800ea2c                        . = ALIGN (0x4)
                0x0800ea2c                        _etext = .

.vfp11_veneer   0x0800ea2c        0x0
 .vfp11_veneer  0x0800ea2c        0x0 linker stubs

.v4_bx          0x0800ea2c        0x0
 .v4_bx         0x0800ea2c        0x0 linker stubs

.iplt           0x0800ea2c        0x0
 .iplt          0x0800ea2c        0x0 /opt/st/stm32cubeide_2.1.1/plugins/com.st.stm32cube.ide.mcu.externaltools.gnu-tools-for-stm32.14.3.rel1.linux64_1.0.100.202602081740/tools/bin/../lib/gcc/arm-none-eabi/14.3.1/thumb/v8-m.main+fp/hard/crtbegin.o

.rodata         0x0800ea2c      0x170
                0x0800ea2c                        . = ALIGN (0x4)
 *(.rodata)
 .rodata        0x0800ea2c       0x47 ./Core/Src/app_freertos.o
 *fill*         0x0800ea73        0x1 
 .rodata        0x0800ea74        0x5 ./Middlewares/Third_Party/FreeRTOS/Source/tasks.o
 *fill*         0x0800ea79        0x3 
 .rodata        0x0800ea7c        0xd ./Middlewares/Third_Party/FreeRTOS/Source/timers.o
 *fill*         0x0800ea89        0x3 
 .rodata        0x0800ea8c       0x27 ./User/Drivers/a7677.o
 *(.rodata*)
 *fill*         0x0800eab3        0x1 
 .rodata.Lora_Rx_Task_attributes
                0x0800eab4       0x24 ./Core/Src/app_freertos.o
                0x0800eab4                Lora_Rx_Task_attributes
 .rodata.Sim4G_Tx_Task_attributes
                0x0800ead8       0x24 ./Core/Src/app_freertos.o
                0x0800ead8                Sim4G_Tx_Task_attributes
 .rodata.SensorDataQueue_attributes
                0x0800eafc       0x18 ./Core/Src/app_freertos.o
                0x0800eafc                SensorDataQueue_attributes
 .rodata.Lora_Rx_Sem_attributes
                0x0800eb14       0x10 ./Core/Src/app_freertos.o
                0x0800eb14                Lora_Rx_Sem_attributes
 .rodata.AHBPrescTable
                0x0800eb24       0x10 ./Core/Src/system_stm32h5xx.o
                0x0800eb24                AHBPrescTable
 .rodata.APBPrescTable
                0x0800eb34        0x8 ./Core/Src/system_stm32h5xx.o
                0x0800eb34                APBPrescTable
 .rodata.UARTPrescTable
                0x0800eb3c       0x18 ./Drivers/STM32H5xx_HAL_Driver/Src/stm32h5xx_hal_uart.o
                0x0800eb3c                UARTPrescTable
 .rodata.numerator.1
                0x0800eb54        0x8 ./Drivers/STM32H5xx_HAL_Driver/Src/stm32h5xx_hal_uart_ex.o
 .rodata.denominator.0
                0x0800eb5c        0x8 ./Drivers/STM32H5xx_HAL_Driver/Src/stm32h5xx_hal_uart_ex.o
 .rodata.uxTopUsedPriority
                0x0800eb64        0x4 ./Middlewares/Third_Party/FreeRTOS/Source/tasks.o
 .rodata._svfprintf_r.str1.1
                0x0800eb68       0x33 /opt/st/stm32cubeide_2.1.1/plugins/com.st.stm32cube.ide.mcu.externaltools.gnu-tools-for-stm32.14.3.rel1.linux64_1.0.100.202602081740/tools/bin/../lib/gcc/arm-none-eabi/14.3.1/../../../../arm-none-eabi/lib/thumb/v8-m.main+fp/hard/libc_nano.a(libc_a-nano-svfprintf.o)
                                 0x11 (size before relaxing)
 .rodata._printf_i.str1.1
                0x0800eb9b       0x22 /opt/st/stm32cubeide_2.1.1/plugins/com.st.stm32cube.ide.mcu.externaltools.gnu-tools-for-stm32.14.3.rel1.linux64_1.0.100.202602081740/tools/bin/../lib/gcc/arm-none-eabi/14.3.1/../../../../arm-none-eabi/lib/thumb/v8-m.main+fp/hard/libc_nano.a(libc_a-nano-vfprintf_i.o)
                0x0800ebc0                        . = ALIGN (0x4)
 *fill*         0x0800eb9b        0x1 

.ARM.extab      0x0800eb9c        0x0
                0x0800eb9c                        . = ALIGN (0x4)
 *(.ARM.extab* .gnu.linkonce.armextab.*)
                0x0800eb9c                        . = ALIGN (0x4)

.ARM            0x0800eb9c        0x8
                0x0800eb9c                        . = ALIGN (0x4)
                0x0800eb9c                        __exidx_start = .
 *(.ARM.exidx*)
 .ARM.exidx     0x0800eb9c        0x8 /opt/st/stm32cubeide_2.1.1/plugins/com.st.stm32cube.ide.mcu.externaltools.gnu-tools-for-stm32.14.3.rel1.linux64_1.0.100.202602081740/tools/bin/../lib/gcc/arm-none-eabi/14.3.1/../../../../arm-none-eabi/lib/thumb/v8-m.main+fp/hard/libc_nano.a(libc_a-strlen.o)
 .ARM.exidx     0x0800eba4        0x0 /opt/st/stm32cubeide_2.1.1/plugins/com.st.stm32cube.ide.mcu.externaltools.gnu-tools-for-stm32.14.3.rel1.linux64_1.0.100.202602081740/tools/bin/../lib/gcc/arm-none-eabi/14.3.1/thumb/v8-m.main+fp/hard/libgcc.a(_udivmoddi4.o)
                                  0x8 (size before relaxing)
                0x0800eba4                        __exidx_end = .
                0x0800eba4                        . = ALIGN (0x4)

.preinit_array  0x0800eba4        0x0
                0x0800eba4                        . = ALIGN (0x4)
                0x0800eba4                        PROVIDE (__preinit_array_start = .)
 *(.preinit_array*)
                0x0800eba4                        PROVIDE (__preinit_array_end = .)
                0x0800eba4                        . = ALIGN (0x4)

.init_array     0x0800eba4        0x4
                0x0800eba4                        . = ALIGN (0x4)
                0x0800eba4                        PROVIDE (__init_array_start = .)
 *(SORT_BY_NAME(.init_array.*))
 *(.init_array*)
 .init_array    0x0800eba4        0x4 /opt/st/stm32cubeide_2.1.1/plugins/com.st.stm32cube.ide.mcu.externaltools.gnu-tools-for-stm32.14.3.rel1.linux64_1.0.100.202602081740/tools/bin/../lib/gcc/arm-none-eabi/14.3.1/thumb/v8-m.main+fp/hard/crtbegin.o
                0x0800eba8                        PROVIDE (__init_array_end = .)
                0x0800eba8                        . = ALIGN (0x4)

.fini_array     0x0800eba8        0x4
                0x0800eba8                        . = ALIGN (0x4)
                [!provide]                        PROVIDE (__fini_array_start = .)
 *(SORT_BY_NAME(.fini_array.*))
 *(.fini_array*)
 .fini_array    0x0800eba8        0x4 /opt/st/stm32cubeide_2.1.1/plugins/com.st.stm32cube.ide.mcu.externaltools.gnu-tools-for-stm32.14.3.rel1.linux64_1.0.100.202602081740/tools/bin/../lib/gcc/arm-none-eabi/14.3.1/thumb/v8-m.main+fp/hard/crtbegin.o
                [!provide]                        PROVIDE (__fini_array_end = .)
                0x0800ebac                        . = ALIGN (0x4)
                0x0800ebac                        _sidata = LOADADDR (.data)

.rel.dyn        0x0800ebac        0x0
 .rel.iplt      0x0800ebac        0x0 /opt/st/stm32cubeide_2.1.1/plugins/com.st.stm32cube.ide.mcu.externaltools.gnu-tools-for-stm32.14.3.rel1.linux64_1.0.100.202602081740/tools/bin/../lib/gcc/arm-none-eabi/14.3.1/thumb/v8-m.main+fp/hard/crtbegin.o

.data           0x20000000       0x60 load address 0x0800ebac
                0x20000000                        . = ALIGN (0x4)
                0x20000000                        _sdata = .
 *(.data)
 *(.data*)
 .data.SystemCoreClock
                0x20000000        0x4 ./Core/Src/system_stm32h5xx.o
                0x20000000                SystemCoreClock
 .data.uwTickPrio
                0x20000004        0x4 ./Drivers/STM32H5xx_HAL_Driver/Src/stm32h5xx_hal.o
                0x20000004                uwTickPrio
 .data.uwTickFreq
                0x20000008        0x1 ./Drivers/STM32H5xx_HAL_Driver/Src/stm32h5xx_hal.o
                0x20000008                uwTickFreq
 *fill*         0x20000009        0x3 
 .data.ulCriticalNesting
                0x2000000c        0x4 ./Middlewares/Third_Party/FreeRTOS/Source/portable/GCC/ARM_CM33_NTZ/non_secure/port.o
 .data._impure_ptr
                0x20000010        0x4 /opt/st/stm32cubeide_2.1.1/plugins/com.st.stm32cube.ide.mcu.externaltools.gnu-tools-for-stm32.14.3.rel1.linux64_1.0.100.202602081740/tools/bin/../lib/gcc/arm-none-eabi/14.3.1/../../../../arm-none-eabi/lib/thumb/v8-m.main+fp/hard/libc_nano.a(libc_a-impure.o)
                0x20000010                _impure_ptr
 .data._impure_data
                0x20000014       0x4c /opt/st/stm32cubeide_2.1.1/plugins/com.st.stm32cube.ide.mcu.externaltools.gnu-tools-for-stm32.14.3.rel1.linux64_1.0.100.202602081740/tools/bin/../lib/gcc/arm-none-eabi/14.3.1/../../../../arm-none-eabi/lib/thumb/v8-m.main+fp/hard/libc_nano.a(libc_a-impure.o)
                0x20000014                _impure_data
 *(.RamFunc)
 *(.RamFunc*)
                0x20000060                        . = ALIGN (0x4)
                0x20000060                        _edata = .

.igot.plt       0x20000060        0x0 load address 0x0800ec0c
 .igot.plt      0x20000060        0x0 /opt/st/stm32cubeide_2.1.1/plugins/com.st.stm32cube.ide.mcu.externaltools.gnu-tools-for-stm32.14.3.rel1.linux64_1.0.100.202602081740/tools/bin/../lib/gcc/arm-none-eabi/14.3.1/thumb/v8-m.main+fp/hard/crtbegin.o
                0x20000060                        . = ALIGN (0x4)

.bss            0x20000060     0x2e24 load address 0x0800ec0c
                0x20000060                        _sbss = .
                0x20000060                        __bss_start__ = _sbss
 *(.bss)
 .bss           0x20000060       0x1c /opt/st/stm32cubeide_2.1.1/plugins/com.st.stm32cube.ide.mcu.externaltools.gnu-tools-for-stm32.14.3.rel1.linux64_1.0.100.202602081740/tools/bin/../lib/gcc/arm-none-eabi/14.3.1/thumb/v8-m.main+fp/hard/crtbegin.o
 *(.bss*)
 .bss.Lora_Rx_TaskHandle
                0x2000007c        0x4 ./Core/Src/app_freertos.o
                0x2000007c                Lora_Rx_TaskHandle
 .bss.Sim4G_Tx_TaskHandle
                0x20000080        0x4 ./Core/Src/app_freertos.o
                0x20000080                Sim4G_Tx_TaskHandle
 .bss.SensorDataQueueHandle
                0x20000084        0x4 ./Core/Src/app_freertos.o
                0x20000084                SensorDataQueueHandle
 .bss.Lora_Rx_SemHandle
                0x20000088        0x4 ./Core/Src/app_freertos.o
                0x20000088                Lora_Rx_SemHandle
 .bss.hspi1     0x2000008c       0x90 ./Core/Src/spi.o
                0x2000008c                hspi1
 .bss.htim6     0x2000011c       0x4c ./Core/Src/stm32h5xx_hal_timebase_tim.o
                0x2000011c                htim6
 .bss.__sbrk_heap_end
                0x20000168        0x4 ./Core/Src/sysmem.o
 .bss.huart5    0x2000016c       0x94 ./Core/Src/usart.o
                0x2000016c                huart5
 .bss.uwTick    0x20000200        0x4 ./Drivers/STM32H5xx_HAL_Driver/Src/stm32h5xx_hal.o
                0x20000200                uwTick
 .bss.KernelState
                0x20000204        0x4 ./Middlewares/Third_Party/FreeRTOS/Source/CMSIS_RTOS_V2/cmsis_os2.o
 .bss.xQueueRegistry
                0x20000208       0x40 ./Middlewares/Third_Party/FreeRTOS/Source/queue.o
                0x20000208                xQueueRegistry
 .bss.pxCurrentTCB
                0x20000248        0x4 ./Middlewares/Third_Party/FreeRTOS/Source/tasks.o
                0x20000248                pxCurrentTCB
 .bss.pxReadyTasksLists
                0x2000024c      0x460 ./Middlewares/Third_Party/FreeRTOS/Source/tasks.o
 .bss.xDelayedTaskList1
                0x200006ac       0x14 ./Middlewares/Third_Party/FreeRTOS/Source/tasks.o
 .bss.xDelayedTaskList2
                0x200006c0       0x14 ./Middlewares/Third_Party/FreeRTOS/Source/tasks.o
 .bss.pxDelayedTaskList
                0x200006d4        0x4 ./Middlewares/Third_Party/FreeRTOS/Source/tasks.o
 .bss.pxOverflowDelayedTaskList
                0x200006d8        0x4 ./Middlewares/Third_Party/FreeRTOS/Source/tasks.o
 .bss.xPendingReadyList
                0x200006dc       0x14 ./Middlewares/Third_Party/FreeRTOS/Source/tasks.o
 .bss.xTasksWaitingTermination
                0x200006f0       0x14 ./Middlewares/Third_Party/FreeRTOS/Source/tasks.o
 .bss.uxDeletedTasksWaitingCleanUp
                0x20000704        0x4 ./Middlewares/Third_Party/FreeRTOS/Source/tasks.o
 .bss.xSuspendedTaskList
                0x20000708       0x14 ./Middlewares/Third_Party/FreeRTOS/Source/tasks.o
 .bss.uxCurrentNumberOfTasks
                0x2000071c        0x4 ./Middlewares/Third_Party/FreeRTOS/Source/tasks.o
 .bss.xTickCount
                0x20000720        0x4 ./Middlewares/Third_Party/FreeRTOS/Source/tasks.o
 .bss.uxTopReadyPriority
                0x20000724        0x4 ./Middlewares/Third_Party/FreeRTOS/Source/tasks.o
 .bss.xSchedulerRunning
                0x20000728        0x4 ./Middlewares/Third_Party/FreeRTOS/Source/tasks.o
 .bss.xPendedTicks
                0x2000072c        0x4 ./Middlewares/Third_Party/FreeRTOS/Source/tasks.o
 .bss.xYieldPendings
                0x20000730        0x4 ./Middlewares/Third_Party/FreeRTOS/Source/tasks.o
 .bss.xNumOfOverflows
                0x20000734        0x4 ./Middlewares/Third_Party/FreeRTOS/Source/tasks.o
 .bss.uxTaskNumber
                0x20000738        0x4 ./Middlewares/Third_Party/FreeRTOS/Source/tasks.o
 .bss.xNextTaskUnblockTime
                0x2000073c        0x4 ./Middlewares/Third_Party/FreeRTOS/Source/tasks.o
 .bss.xIdleTaskHandles
                0x20000740        0x4 ./Middlewares/Third_Party/FreeRTOS/Source/tasks.o
 .bss.uxSchedulerSuspended
                0x20000744        0x4 ./Middlewares/Third_Party/FreeRTOS/Source/tasks.o
 .bss.xIdleTaskTCB.3
                0x20000748       0x5c ./Middlewares/Third_Party/FreeRTOS/Source/tasks.o
 .bss.uxIdleTaskStack.2
                0x200007a4      0x200 ./Middlewares/Third_Party/FreeRTOS/Source/tasks.o
 .bss.xTimerTaskTCB.1
                0x200009a4       0x5c ./Middlewares/Third_Party/FreeRTOS/Source/tasks.o
 .bss.uxTimerTaskStack.0
                0x20000a00      0x200 ./Middlewares/Third_Party/FreeRTOS/Source/tasks.o
 .bss.xActiveTimerList1
                0x20000c00       0x14 ./Middlewares/Third_Party/FreeRTOS/Source/timers.o
 .bss.xActiveTimerList2
                0x20000c14       0x14 ./Middlewares/Third_Party/FreeRTOS/Source/timers.o
 .bss.pxCurrentTimerList
                0x20000c28        0x4 ./Middlewares/Third_Party/FreeRTOS/Source/timers.o
 .bss.pxOverflowTimerList
                0x20000c2c        0x4 ./Middlewares/Third_Party/FreeRTOS/Source/timers.o
 .bss.xTimerQueue
                0x20000c30        0x4 ./Middlewares/Third_Party/FreeRTOS/Source/timers.o
 .bss.xTimerTaskHandle
                0x20000c34        0x4 ./Middlewares/Third_Party/FreeRTOS/Source/timers.o
 .bss.xLastTime.2
                0x20000c38        0x4 ./Middlewares/Third_Party/FreeRTOS/Source/timers.o
 .bss.ucStaticTimerQueueStorage.1
                0x20000c3c       0xa0 ./Middlewares/Third_Party/FreeRTOS/Source/timers.o
 .bss.xStaticTimerQueue.0
                0x20000cdc       0x50 ./Middlewares/Third_Party/FreeRTOS/Source/timers.o
 .bss.ucMaxSysCallPriority
                0x20000d2c        0x1 ./Middlewares/Third_Party/FreeRTOS/Source/portable/GCC/ARM_CM33_NTZ/non_secure/port.o
 *fill*         0x20000d2d        0x3 
 .bss.ulMaxPRIGROUPValue
                0x20000d30        0x4 ./Middlewares/Third_Party/FreeRTOS/Source/portable/GCC/ARM_CM33_NTZ/non_secure/port.o
 .bss.ucHeap    0x20000d34     0x2000 ./Middlewares/Third_Party/FreeRTOS/Source/portable/MemMang/heap_1.o
 .bss.xNextFreeByte
                0x20002d34        0x4 ./Middlewares/Third_Party/FreeRTOS/Source/portable/MemMang/heap_1.o
 .bss.pucAlignedHeap.0
                0x20002d38        0x4 ./Middlewares/Third_Party/FreeRTOS/Source/portable/MemMang/heap_1.o
 .bss.__sf      0x20002d3c      0x138 /opt/st/stm32cubeide_2.1.1/plugins/com.st.stm32cube.ide.mcu.externaltools.gnu-tools-for-stm32.14.3.rel1.linux64_1.0.100.202602081740/tools/bin/../lib/gcc/arm-none-eabi/14.3.1/../../../../arm-none-eabi/lib/thumb/v8-m.main+fp/hard/libc_nano.a(libc_a-findfp.o)
                0x20002d3c                __sf
 .bss.errno     0x20002e74        0x4 /opt/st/stm32cubeide_2.1.1/plugins/com.st.stm32cube.ide.mcu.externaltools.gnu-tools-for-stm32.14.3.rel1.linux64_1.0.100.202602081740/tools/bin/../lib/gcc/arm-none-eabi/14.3.1/../../../../arm-none-eabi/lib/thumb/v8-m.main+fp/hard/libc_nano.a(libc_a-reent.o)
                0x20002e74                errno
 .bss.__lock___malloc_recursive_mutex
                0x20002e78        0x1 /opt/st/stm32cubeide_2.1.1/plugins/com.st.stm32cube.ide.mcu.externaltools.gnu-tools-for-stm32.14.3.rel1.linux64_1.0.100.202602081740/tools/bin/../lib/gcc/arm-none-eabi/14.3.1/../../../../arm-none-eabi/lib/thumb/v8-m.main+fp/hard/libc_nano.a(libc_a-lock.o)
                0x20002e78                __lock___malloc_recursive_mutex
 *fill*         0x20002e79        0x3 
 .bss.__malloc_sbrk_start
                0x20002e7c        0x4 /opt/st/stm32cubeide_2.1.1/plugins/com.st.stm32cube.ide.mcu.externaltools.gnu-tools-for-stm32.14.3.rel1.linux64_1.0.100.202602081740/tools/bin/../lib/gcc/arm-none-eabi/14.3.1/../../../../arm-none-eabi/lib/thumb/v8-m.main+fp/hard/libc_nano.a(libc_a-mallocr.o)
                0x20002e7c                __malloc_sbrk_start
 .bss.__malloc_free_list
                0x20002e80        0x4 /opt/st/stm32cubeide_2.1.1/plugins/com.st.stm32cube.ide.mcu.externaltools.gnu-tools-for-stm32.14.3.rel1.linux64_1.0.100.202602081740/tools/bin/../lib/gcc/arm-none-eabi/14.3.1/../../../../arm-none-eabi/lib/thumb/v8-m.main+fp/hard/libc_nano.a(libc_a-mallocr.o)
                0x20002e80                __malloc_free_list
 *(COMMON)
                0x20002e84                        . = ALIGN (0x4)
                0x20002e84                        _ebss = .
                0x20002e84                        __bss_end__ = _ebss

._user_heap_stack
                0x20002e84      0x604 load address 0x0800ec0c
                0x20002e88                        . = ALIGN (0x8)
 *fill*         0x20002e84        0x4 
                [!provide]                        PROVIDE (end = .)
                0x20002e88                        PROVIDE (_end = .)
                0x20003088                        . = (. + _Min_Heap_Size)
 *fill*         0x20002e88      0x200 
                0x20003488                        . = (. + _Min_Stack_Size)
 *fill*         0x20003088      0x400 
                0x20003488                        . = ALIGN (0x8)

/DISCARD/
 libc.a(*)
 libm.a(*)
 libgcc.a(*)

.ARM.attributes
                0x00000000       0x36
 *(.ARM.attributes)
 .ARM.attributes
                0x00000000       0x26 /opt/st/stm32cubeide_2.1.1/plugins/com.st.stm32cube.ide.mcu.externaltools.gnu-tools-for-stm32.14.3.rel1.linux64_1.0.100.202602081740/tools/bin/../lib/gcc/arm-none-eabi/14.3.1/thumb/v8-m.main+fp/hard/crti.o
 .ARM.attributes
                0x00000026       0x38 /opt/st/stm32cubeide_2.1.1/plugins/com.st.stm32cube.ide.mcu.externaltools.gnu-tools-for-stm32.14.3.rel1.linux64_1.0.100.202602081740/tools/bin/../lib/gcc/arm-none-eabi/14.3.1/thumb/v8-m.main+fp/hard/crtbegin.o
 .ARM.attributes
                0x0000005e       0x3a ./Core/Src/app_freertos.o
 .ARM.attributes
                0x00000098       0x3a ./Core/Src/gpio.o
 .ARM.attributes
                0x000000d2       0x3a ./Core/Src/icache.o
 .ARM.attributes
                0x0000010c       0x3a ./Core/Src/main.o
 .ARM.attributes
                0x00000146       0x3a ./Core/Src/spi.o
 .ARM.attributes
                0x00000180       0x3a ./Core/Src/stm32h5xx_hal_msp.o
 .ARM.attributes
                0x000001ba       0x3a ./Core/Src/stm32h5xx_hal_timebase_tim.o
 .ARM.attributes
                0x000001f4       0x3a ./Core/Src/stm32h5xx_it.o
 .ARM.attributes
                0x0000022e       0x3a ./Core/Src/sysmem.o
 .ARM.attributes
                0x00000268       0x3a ./Core/Src/system_stm32h5xx.o
 .ARM.attributes
                0x000002a2       0x3a ./Core/Src/usart.o
 .ARM.attributes
                0x000002dc       0x24 ./Core/Startup/startup_stm32h563zitx.o
 .ARM.attributes
                0x00000300       0x3a ./Drivers/STM32H5xx_HAL_Driver/Src/stm32h5xx_hal.o
 .ARM.attributes
                0x0000033a       0x3a ./Drivers/STM32H5xx_HAL_Driver/Src/stm32h5xx_hal_cortex.o
 .ARM.attributes
                0x00000374       0x3a ./Drivers/STM32H5xx_HAL_Driver/Src/stm32h5xx_hal_dma.o
 .ARM.attributes
                0x000003ae       0x3a ./Drivers/STM32H5xx_HAL_Driver/Src/stm32h5xx_hal_gpio.o
 .ARM.attributes
                0x000003e8       0x3a ./Drivers/STM32H5xx_HAL_Driver/Src/stm32h5xx_hal_icache.o
 .ARM.attributes
                0x00000422       0x3a ./Drivers/STM32H5xx_HAL_Driver/Src/stm32h5xx_hal_pwr_ex.o
 .ARM.attributes
                0x0000045c       0x3a ./Drivers/STM32H5xx_HAL_Driver/Src/stm32h5xx_hal_rcc.o
 .ARM.attributes
                0x00000496       0x3a ./Drivers/STM32H5xx_HAL_Driver/Src/stm32h5xx_hal_rcc_ex.o
 .ARM.attributes
                0x000004d0       0x3a ./Drivers/STM32H5xx_HAL_Driver/Src/stm32h5xx_hal_spi.o
 .ARM.attributes
                0x0000050a       0x3a ./Drivers/STM32H5xx_HAL_Driver/Src/stm32h5xx_hal_tim.o
 .ARM.attributes
                0x00000544       0x3a ./Drivers/STM32H5xx_HAL_Driver/Src/stm32h5xx_hal_tim_ex.o
 .ARM.attributes
                0x0000057e       0x3a ./Drivers/STM32H5xx_HAL_Driver/Src/stm32h5xx_hal_uart.o
 .ARM.attributes
                0x000005b8       0x3a ./Drivers/STM32H5xx_HAL_Driver/Src/stm32h5xx_hal_uart_ex.o
 .ARM.attributes
                0x000005f2       0x3a ./Middlewares/Third_Party/FreeRTOS/Source/CMSIS_RTOS_V2/cmsis_os2.o
 .ARM.attributes
                0x0000062c       0x3a ./Middlewares/Third_Party/FreeRTOS/Source/list.o
 .ARM.attributes
                0x00000666       0x3a ./Middlewares/Third_Party/FreeRTOS/Source/queue.o
 .ARM.attributes
                0x000006a0       0x3a ./Middlewares/Third_Party/FreeRTOS/Source/tasks.o
 .ARM.attributes
                0x000006da       0x3a ./Middlewares/Third_Party/FreeRTOS/Source/timers.o
 .ARM.attributes
                0x00000714       0x3a ./Middlewares/Third_Party/FreeRTOS/Source/portable/GCC/ARM_CM33_NTZ/non_secure/port.o
 .ARM.attributes
                0x0000074e       0x3a ./Middlewares/Third_Party/FreeRTOS/Source/portable/GCC/ARM_CM33_NTZ/non_secure/portasm.o
 .ARM.attributes
                0x00000788       0x3a ./Middlewares/Third_Party/FreeRTOS/Source/portable/MemMang/heap_1.o
 .ARM.attributes
                0x000007c2       0x3a ./User/Drivers/a7677.o
 .ARM.attributes
                0x000007fc       0x3a ./User/Drivers/sx1278.o
 .ARM.attributes
                0x00000836       0x38 /opt/st/stm32cubeide_2.1.1/plugins/com.st.stm32cube.ide.mcu.externaltools.gnu-tools-for-stm32.14.3.rel1.linux64_1.0.100.202602081740/tools/bin/../lib/gcc/arm-none-eabi/14.3.1/../../../../arm-none-eabi/lib/thumb/v8-m.main+fp/hard/libc_nano.a(libc_a-findfp.o)
 .ARM.attributes
                0x0000086e       0x38 /opt/st/stm32cubeide_2.1.1/plugins/com.st.stm32cube.ide.mcu.externaltools.gnu-tools-for-stm32.14.3.rel1.linux64_1.0.100.202602081740/tools/bin/../lib/gcc/arm-none-eabi/14.3.1/../../../../arm-none-eabi/lib/thumb/v8-m.main+fp/hard/libc_nano.a(libc_a-sprintf.o)
 .ARM.attributes
                0x000008a6       0x38 /opt/st/stm32cubeide_2.1.1/plugins/com.st.stm32cube.ide.mcu.externaltools.gnu-tools-for-stm32.14.3.rel1.linux64_1.0.100.202602081740/tools/bin/../lib/gcc/arm-none-eabi/14.3.1/../../../../arm-none-eabi/lib/thumb/v8-m.main+fp/hard/libc_nano.a(libc_a-memset.o)
 .ARM.attributes
                0x000008de       0x38 /opt/st/stm32cubeide_2.1.1/plugins/com.st.stm32cube.ide.mcu.externaltools.gnu-tools-for-stm32.14.3.rel1.linux64_1.0.100.202602081740/tools/bin/../lib/gcc/arm-none-eabi/14.3.1/../../../../arm-none-eabi/lib/thumb/v8-m.main+fp/hard/libc_nano.a(libc_a-reent.o)
 .ARM.attributes
                0x00000916       0x38 /opt/st/stm32cubeide_2.1.1/plugins/com.st.stm32cube.ide.mcu.externaltools.gnu-tools-for-stm32.14.3.rel1.linux64_1.0.100.202602081740/tools/bin/../lib/gcc/arm-none-eabi/14.3.1/../../../../arm-none-eabi/lib/thumb/v8-m.main+fp/hard/libc_nano.a(libc_a-impure.o)
 .ARM.attributes
                0x0000094e       0x38 /opt/st/stm32cubeide_2.1.1/plugins/com.st.stm32cube.ide.mcu.externaltools.gnu-tools-for-stm32.14.3.rel1.linux64_1.0.100.202602081740/tools/bin/../lib/gcc/arm-none-eabi/14.3.1/../../../../arm-none-eabi/lib/thumb/v8-m.main+fp/hard/libc_nano.a(libc_a-errno.o)
 .ARM.attributes
                0x00000986       0x38 /opt/st/stm32cubeide_2.1.1/plugins/com.st.stm32cube.ide.mcu.externaltools.gnu-tools-for-stm32.14.3.rel1.linux64_1.0.100.202602081740/tools/bin/../lib/gcc/arm-none-eabi/14.3.1/../../../../arm-none-eabi/lib/thumb/v8-m.main+fp/hard/libc_nano.a(libc_a-init.o)
 .ARM.attributes
                0x000009be       0x38 /opt/st/stm32cubeide_2.1.1/plugins/com.st.stm32cube.ide.mcu.externaltools.gnu-tools-for-stm32.14.3.rel1.linux64_1.0.100.202602081740/tools/bin/../lib/gcc/arm-none-eabi/14.3.1/../../../../arm-none-eabi/lib/thumb/v8-m.main+fp/hard/libc_nano.a(libc_a-lock.o)
 .ARM.attributes
                0x000009f6       0x38 /opt/st/stm32cubeide_2.1.1/plugins/com.st.stm32cube.ide.mcu.externaltools.gnu-tools-for-stm32.14.3.rel1.linux64_1.0.100.202602081740/tools/bin/../lib/gcc/arm-none-eabi/14.3.1/../../../../arm-none-eabi/lib/thumb/v8-m.main+fp/hard/libc_nano.a(libc_a-memcpy-stub.o)
 .ARM.attributes
                0x00000a2e       0x24 /opt/st/stm32cubeide_2.1.1/plugins/com.st.stm32cube.ide.mcu.externaltools.gnu-tools-for-stm32.14.3.rel1.linux64_1.0.100.202602081740/tools/bin/../lib/gcc/arm-none-eabi/14.3.1/../../../../arm-none-eabi/lib/thumb/v8-m.main+fp/hard/libc_nano.a(libc_a-strlen.o)
 .ARM.attributes
                0x00000a52       0x38 /opt/st/stm32cubeide_2.1.1/plugins/com.st.stm32cube.ide.mcu.externaltools.gnu-tools-for-stm32.14.3.rel1.linux64_1.0.100.202602081740/tools/bin/../lib/gcc/arm-none-eabi/14.3.1/../../../../arm-none-eabi/lib/thumb/v8-m.main+fp/hard/libc_nano.a(libc_a-freer.o)
 .ARM.attributes
                0x00000a8a       0x38 /opt/st/stm32cubeide_2.1.1/plugins/com.st.stm32cube.ide.mcu.externaltools.gnu-tools-for-stm32.14.3.rel1.linux64_1.0.100.202602081740/tools/bin/../lib/gcc/arm-none-eabi/14.3.1/../../../../arm-none-eabi/lib/thumb/v8-m.main+fp/hard/libc_nano.a(libc_a-mallocr.o)
 .ARM.attributes
                0x00000ac2       0x38 /opt/st/stm32cubeide_2.1.1/plugins/com.st.stm32cube.ide.mcu.externaltools.gnu-tools-for-stm32.14.3.rel1.linux64_1.0.100.202602081740/tools/bin/../lib/gcc/arm-none-eabi/14.3.1/../../../../arm-none-eabi/lib/thumb/v8-m.main+fp/hard/libc_nano.a(libc_a-mlock.o)
 .ARM.attributes
                0x00000afa       0x38 /opt/st/stm32cubeide_2.1.1/plugins/com.st.stm32cube.ide.mcu.externaltools.gnu-tools-for-stm32.14.3.rel1.linux64_1.0.100.202602081740/tools/bin/../lib/gcc/arm-none-eabi/14.3.1/../../../../arm-none-eabi/lib/thumb/v8-m.main+fp/hard/libc_nano.a(libc_a-nano-svfprintf.o)
 .ARM.attributes
                0x00000b32       0x38 /opt/st/stm32cubeide_2.1.1/plugins/com.st.stm32cube.ide.mcu.externaltools.gnu-tools-for-stm32.14.3.rel1.linux64_1.0.100.202602081740/tools/bin/../lib/gcc/arm-none-eabi/14.3.1/../../../../arm-none-eabi/lib/thumb/v8-m.main+fp/hard/libc_nano.a(libc_a-nano-vfprintf_i.o)
 .ARM.attributes
                0x00000b6a       0x38 /opt/st/stm32cubeide_2.1.1/plugins/com.st.stm32cube.ide.mcu.externaltools.gnu-tools-for-stm32.14.3.rel1.linux64_1.0.100.202602081740/tools/bin/../lib/gcc/arm-none-eabi/14.3.1/../../../../arm-none-eabi/lib/thumb/v8-m.main+fp/hard/libc_nano.a(libc_a-memmove.o)
 .ARM.attributes
                0x00000ba2       0x38 /opt/st/stm32cubeide_2.1.1/plugins/com.st.stm32cube.ide.mcu.externaltools.gnu-tools-for-stm32.14.3.rel1.linux64_1.0.100.202602081740/tools/bin/../lib/gcc/arm-none-eabi/14.3.1/../../../../arm-none-eabi/lib/thumb/v8-m.main+fp/hard/libc_nano.a(libc_a-sbrkr.o)
 .ARM.attributes
                0x00000bda       0x38 /opt/st/stm32cubeide_2.1.1/plugins/com.st.stm32cube.ide.mcu.externaltools.gnu-tools-for-stm32.14.3.rel1.linux64_1.0.100.202602081740/tools/bin/../lib/gcc/arm-none-eabi/14.3.1/../../../../arm-none-eabi/lib/thumb/v8-m.main+fp/hard/libc_nano.a(libc_a-memchr-stub.o)
 .ARM.attributes
                0x00000c12       0x38 /opt/st/stm32cubeide_2.1.1/plugins/com.st.stm32cube.ide.mcu.externaltools.gnu-tools-for-stm32.14.3.rel1.linux64_1.0.100.202602081740/tools/bin/../lib/gcc/arm-none-eabi/14.3.1/../../../../arm-none-eabi/lib/thumb/v8-m.main+fp/hard/libc_nano.a(libc_a-reallocr.o)
 .ARM.attributes
                0x00000c4a       0x38 /opt/st/stm32cubeide_2.1.1/plugins/com.st.stm32cube.ide.mcu.externaltools.gnu-tools-for-stm32.14.3.rel1.linux64_1.0.100.202602081740/tools/bin/../lib/gcc/arm-none-eabi/14.3.1/../../../../arm-none-eabi/lib/thumb/v8-m.main+fp/hard/libc_nano.a(libc_a-msizer.o)
 .ARM.attributes
                0x00000c82       0x26 /opt/st/stm32cubeide_2.1.1/plugins/com.st.stm32cube.ide.mcu.externaltools.gnu-tools-for-stm32.14.3.rel1.linux64_1.0.100.202602081740/tools/bin/../lib/gcc/arm-none-eabi/14.3.1/thumb/v8-m.main+fp/hard/libgcc.a(_aeabi_uldivmod.o)
 .ARM.attributes
                0x00000ca8       0x38 /opt/st/stm32cubeide_2.1.1/plugins/com.st.stm32cube.ide.mcu.externaltools.gnu-tools-for-stm32.14.3.rel1.linux64_1.0.100.202602081740/tools/bin/../lib/gcc/arm-none-eabi/14.3.1/thumb/v8-m.main+fp/hard/libgcc.a(_udivmoddi4.o)
 .ARM.attributes
                0x00000ce0       0x26 /opt/st/stm32cubeide_2.1.1/plugins/com.st.stm32cube.ide.mcu.externaltools.gnu-tools-for-stm32.14.3.rel1.linux64_1.0.100.202602081740/tools/bin/../lib/gcc/arm-none-eabi/14.3.1/thumb/v8-m.main+fp/hard/libgcc.a(_dvmd_tls.o)
 .ARM.attributes
                0x00000d06       0x26 /opt/st/stm32cubeide_2.1.1/plugins/com.st.stm32cube.ide.mcu.externaltools.gnu-tools-for-stm32.14.3.rel1.linux64_1.0.100.202602081740/tools/bin/../lib/gcc/arm-none-eabi/14.3.1/thumb/v8-m.main+fp/hard/crtn.o
OUTPUT(BTL_WSN_Gateway__Lora_A7677.elf elf32-littlearm)
LOAD linker stubs
LOAD /opt/st/stm32cubeide_2.1.1/plugins/com.st.stm32cube.ide.mcu.externaltools.gnu-tools-for-stm32.14.3.rel1.linux64_1.0.100.202602081740/tools/bin/../lib/gcc/arm-none-eabi/14.3.1/../../../../arm-none-eabi/lib/thumb/v8-m.main+fp/hard/libc.a
LOAD /opt/st/stm32cubeide_2.1.1/plugins/com.st.stm32cube.ide.mcu.externaltools.gnu-tools-for-stm32.14.3.rel1.linux64_1.0.100.202602081740/tools/bin/../lib/gcc/arm-none-eabi/14.3.1/../../../../arm-none-eabi/lib/thumb/v8-m.main+fp/hard/libm.a
LOAD /opt/st/stm32cubeide_2.1.1/plugins/com.st.stm32cube.ide.mcu.externaltools.gnu-tools-for-stm32.14.3.rel1.linux64_1.0.100.202602081740/tools/bin/../lib/gcc/arm-none-eabi/14.3.1/thumb/v8-m.main+fp/hard/libgcc.a

.debug_info     0x00000000    0x24336